2026-06-16 13:21:56,068 | INFO | celeba_ood | ======================================================================
2026-06-16 13:21:56,068 | INFO | celeba_ood | Ensemble experiment : celeba_ood
2026-06-16 13:21:56,069 | INFO | celeba_ood | Config              : outputs/celeba_ood/ensemble_20260612_164529_6508484/config.resolved.yaml
2026-06-16 13:21:56,069 | INFO | celeba_ood | Output dir          : outputs/celeba_ood/ensemble_20260612_164529_6508484
2026-06-16 13:21:56,070 | INFO | celeba_ood | Device              : cpu
2026-06-16 13:21:56,071 | INFO | celeba_ood | Ensemble size       : 10   seeds = [42, 43, 44, 45, 46, 47, 48, 49, 50, 51]
2026-06-16 13:21:56,071 | INFO | celeba_ood | Decomposition agg   : p95
2026-06-16 13:21:56,071 | INFO | celeba_ood | ======================================================================
2026-06-16 13:22:06,588 | INFO | celeba_ood | Train pos rates: Male=39.0%  Young=79.9%  Smiling=48.7%  Mouth_Slightly_Open=48.4%  High_Cheekbones=46.7%  Pointy_Nose=28.9%  Oval_Face=29.1%
2026-06-16 13:22:06,588 | INFO | celeba_ood | val_ratio=0 → no validation split: 170465 in-dist images train, 18941 held out for test_in (no early stopping, full schedule).
2026-06-16 13:22:06,652 | INFO | celeba_ood | Dataloaders  train=170465  val=0  test_in=18941  test_ood=13193
2026-06-16 13:22:06,652 | INFO | celeba_ood | ######################################################################
2026-06-16 13:22:06,652 | INFO | celeba_ood | # MODEL 1/10   (seed=42)
2026-06-16 13:22:06,653 | INFO | celeba_ood | ######################################################################
2026-06-16 13:22:07,824 | INFO | celeba_ood | Model        : FacialCNN  (1,571,624 params)
2026-06-16 13:22:07,940 | INFO | celeba_ood | Loaded weights from outputs/celeba_ood/ensemble_20260612_164529_6508484/model_0/weights/model.pt
2026-06-16 13:22:08,063 | INFO | celeba_ood | Loaded decoder weights from outputs/celeba_ood/ensemble_20260612_164529_6508484/model_0/weights/decoders.pt
2026-06-16 13:22:08,063 | INFO | celeba_ood | ======================================================================
2026-06-16 13:22:08,063 | INFO | celeba_ood | EVALUATION — per-attribute accuracy + OOD AUROC
2026-06-16 13:22:08,063 | INFO | celeba_ood | ======================================================================
2026-06-16 13:22:08,064 | INFO | celeba_ood | Collecting predictions on test_in...
2026-06-16 13:23:10,779 | INFO | celeba_ood |   test_in size = 18941, OOD score (combined entropy) mean = nan
2026-06-16 13:23:10,780 | INFO | celeba_ood | Collecting predictions on test_ood (Eyeglasses)...
2026-06-16 13:23:52,353 | INFO | celeba_ood |   test_ood size = 13193, OOD score (combined entropy) mean = nan
2026-06-16 13:23:52,424 | INFO | celeba_ood | Per-attribute accuracy (in-distribution test set):
2026-06-16 13:23:52,424 | INFO | celeba_ood |   Male/Female : 97.69%
2026-06-16 13:23:52,424 | INFO | celeba_ood |   Young                 : 86.38%
2026-06-16 13:23:52,424 | INFO | celeba_ood |   Smiling               : 90.49%
2026-06-16 13:23:52,424 | INFO | celeba_ood |   Mouth_Slightly_Open   : 90.42%
2026-06-16 13:23:52,425 | INFO | celeba_ood |   High_Cheekbones       : 84.39%
2026-06-16 13:23:52,425 | INFO | celeba_ood |   Pointy_Nose           : 72.77%
2026-06-16 13:23:52,426 | INFO | celeba_ood |   Oval_Face             : 68.83%
2026-06-16 13:23:52,426 | INFO | celeba_ood | OOD AUROC (in-dist vs Eyeglasses):
2026-06-16 13:23:52,427 | INFO | celeba_ood |   score_msp                AUROC = 0.6009  (in_mean=0.004, ood_mean=0.014)
2026-06-16 13:23:52,427 | INFO | celeba_ood |   score_entropy_gender     AUROC = 0.5986  (in_mean=0.011, ood_mean=0.034)
2026-06-16 13:55:55,331 | INFO | celeba_ood | Fusion-based AUROC (max-pixel) = 0.5850  (in_mean=1.1381, ood_mean=1.2547)
2026-06-16 13:55:55,331 | INFO | celeba_ood | Wrote per-block plots: per_block_breakdown.png, recons_only.png, activations.png, fusion_overlay.png, fusion_auroc.png
2026-06-16 13:55:55,334 | INFO | celeba_ood | Summary written to outputs/celeba_ood/ensemble_20260612_164529_6508484/model_0/summary.json
2026-06-16 13:55:55,334 | INFO | celeba_ood | model 1/10 done in 2028.7s
2026-06-16 13:55:55,339 | INFO | celeba_ood | ######################################################################
2026-06-16 13:55:55,339 | INFO | celeba_ood | # MODEL 2/10   (seed=43)
2026-06-16 13:55:55,339 | INFO | celeba_ood | ######################################################################
2026-06-16 13:55:55,519 | INFO | celeba_ood | Model        : FacialCNN  (1,571,624 params)
2026-06-16 13:55:55,540 | INFO | celeba_ood | Loaded weights from outputs/celeba_ood/ensemble_20260612_164529_6508484/model_1/weights/model.pt
2026-06-16 13:55:55,590 | INFO | celeba_ood | Loaded decoder weights from outputs/celeba_ood/ensemble_20260612_164529_6508484/model_1/weights/decoders.pt
2026-06-16 13:55:55,591 | INFO | celeba_ood | ======================================================================
2026-06-16 13:55:55,591 | INFO | celeba_ood | EVALUATION — per-attribute accuracy + OOD AUROC
2026-06-16 13:55:55,591 | INFO | celeba_ood | ======================================================================
2026-06-16 13:55:55,591 | INFO | celeba_ood | Collecting predictions on test_in...
2026-06-16 13:56:52,182 | INFO | celeba_ood |   test_in size = 18941, OOD score (combined entropy) mean = nan
2026-06-16 13:56:52,183 | INFO | celeba_ood | Collecting predictions on test_ood (Eyeglasses)...
2026-06-16 13:57:30,571 | INFO | celeba_ood |   test_ood size = 13193, OOD score (combined entropy) mean = nan
2026-06-16 13:57:30,596 | INFO | celeba_ood | Per-attribute accuracy (in-distribution test set):
2026-06-16 13:57:30,596 | INFO | celeba_ood |   Male/Female : 97.45%
2026-06-16 13:57:30,596 | INFO | celeba_ood |   Young                 : 86.42%
2026-06-16 13:57:30,597 | INFO | celeba_ood |   Smiling               : 90.62%
2026-06-16 13:57:30,597 | INFO | celeba_ood |   Mouth_Slightly_Open   : 91.30%
2026-06-16 13:57:30,598 | INFO | celeba_ood |   High_Cheekbones       : 81.85%
2026-06-16 13:57:30,598 | INFO | celeba_ood |   Pointy_Nose           : 73.28%
2026-06-16 13:57:30,599 | INFO | celeba_ood |   Oval_Face             : 69.59%
2026-06-16 13:57:30,599 | INFO | celeba_ood | OOD AUROC (in-dist vs Eyeglasses):
2026-06-16 13:57:30,600 | INFO | celeba_ood |   score_msp                AUROC = 0.6414  (in_mean=0.005, ood_mean=0.016)
2026-06-16 13:57:30,600 | INFO | celeba_ood |   score_entropy_gender     AUROC = 0.6963  (in_mean=0.013, ood_mean=0.038)
2026-06-16 14:06:10,351 | INFO | celeba_ood | Fusion-based AUROC (max-pixel) = 0.5910  (in_mean=1.1528, ood_mean=1.2760)
2026-06-16 14:06:10,351 | INFO | celeba_ood | Wrote per-block plots: per_block_breakdown.png, recons_only.png, activations.png, fusion_overlay.png, fusion_auroc.png
2026-06-16 14:06:10,353 | INFO | celeba_ood | Summary written to outputs/celeba_ood/ensemble_20260612_164529_6508484/model_1/summary.json
2026-06-16 14:06:10,354 | INFO | celeba_ood | model 2/10 done in 615.0s
2026-06-16 14:06:10,356 | INFO | celeba_ood | ######################################################################
2026-06-16 14:06:10,356 | INFO | celeba_ood | # MODEL 3/10   (seed=44)
2026-06-16 14:06:10,356 | INFO | celeba_ood | ######################################################################
2026-06-16 14:06:10,427 | INFO | celeba_ood | Model        : FacialCNN  (1,571,624 params)
2026-06-16 14:06:10,439 | INFO | celeba_ood | Loaded weights from outputs/celeba_ood/ensemble_20260612_164529_6508484/model_2/weights/model.pt
2026-06-16 14:06:10,465 | INFO | celeba_ood | Loaded decoder weights from outputs/celeba_ood/ensemble_20260612_164529_6508484/model_2/weights/decoders.pt
2026-06-16 14:06:10,465 | INFO | celeba_ood | ======================================================================
2026-06-16 14:06:10,465 | INFO | celeba_ood | EVALUATION — per-attribute accuracy + OOD AUROC
2026-06-16 14:06:10,466 | INFO | celeba_ood | ======================================================================
2026-06-16 14:06:10,466 | INFO | celeba_ood | Collecting predictions on test_in...
2026-06-16 14:06:52,666 | INFO | celeba_ood |   test_in size = 18941, OOD score (combined entropy) mean = nan
2026-06-16 14:06:52,667 | INFO | celeba_ood | Collecting predictions on test_ood (Eyeglasses)...
2026-06-16 14:07:23,793 | INFO | celeba_ood |   test_ood size = 13193, OOD score (combined entropy) mean = nan
2026-06-16 14:07:23,816 | INFO | celeba_ood | Per-attribute accuracy (in-distribution test set):
2026-06-16 14:07:23,816 | INFO | celeba_ood |   Male/Female : 97.74%
2026-06-16 14:07:23,816 | INFO | celeba_ood |   Young                 : 86.71%
2026-06-16 14:07:23,816 | INFO | celeba_ood |   Smiling               : 91.02%
2026-06-16 14:07:23,817 | INFO | celeba_ood |   Mouth_Slightly_Open   : 91.20%
2026-06-16 14:07:23,818 | INFO | celeba_ood |   High_Cheekbones       : 83.21%
2026-06-16 14:07:23,818 | INFO | celeba_ood |   Pointy_Nose           : 72.17%
2026-06-16 14:07:23,819 | INFO | celeba_ood |   Oval_Face             : 71.36%
2026-06-16 14:07:23,819 | INFO | celeba_ood | OOD AUROC (in-dist vs Eyeglasses):
2026-06-16 14:07:23,819 | INFO | celeba_ood |   score_msp                AUROC = 0.6446  (in_mean=0.004, ood_mean=0.016)
2026-06-16 14:07:23,820 | INFO | celeba_ood |   score_entropy_gender     AUROC = 0.7050  (in_mean=0.010, ood_mean=0.038)
2026-06-16 14:15:29,179 | INFO | celeba_ood | Fusion-based AUROC (max-pixel) = 0.5912  (in_mean=1.1612, ood_mean=1.2874)
2026-06-16 14:15:29,179 | INFO | celeba_ood | Wrote per-block plots: per_block_breakdown.png, recons_only.png, activations.png, fusion_overlay.png, fusion_auroc.png
2026-06-16 14:15:29,182 | INFO | celeba_ood | Summary written to outputs/celeba_ood/ensemble_20260612_164529_6508484/model_2/summary.json
2026-06-16 14:15:29,182 | INFO | celeba_ood | model 3/10 done in 558.8s
2026-06-16 14:15:29,184 | INFO | celeba_ood | ######################################################################
2026-06-16 14:15:29,184 | INFO | celeba_ood | # MODEL 4/10   (seed=45)
2026-06-16 14:15:29,184 | INFO | celeba_ood | ######################################################################
2026-06-16 14:15:29,234 | INFO | celeba_ood | Model        : FacialCNN  (1,571,624 params)
2026-06-16 14:15:29,244 | INFO | celeba_ood | Loaded weights from outputs/celeba_ood/ensemble_20260612_164529_6508484/model_3/weights/model.pt
2026-06-16 14:15:29,274 | INFO | celeba_ood | Loaded decoder weights from outputs/celeba_ood/ensemble_20260612_164529_6508484/model_3/weights/decoders.pt
2026-06-16 14:15:29,275 | INFO | celeba_ood | ======================================================================
2026-06-16 14:15:29,275 | INFO | celeba_ood | EVALUATION — per-attribute accuracy + OOD AUROC
2026-06-16 14:15:29,276 | INFO | celeba_ood | ======================================================================
2026-06-16 14:15:29,276 | INFO | celeba_ood | Collecting predictions on test_in...
2026-06-16 14:16:12,559 | INFO | celeba_ood |   test_in size = 18941, OOD score (combined entropy) mean = nan
2026-06-16 14:16:12,559 | INFO | celeba_ood | Collecting predictions on test_ood (Eyeglasses)...
2026-06-16 14:16:42,241 | INFO | celeba_ood |   test_ood size = 13193, OOD score (combined entropy) mean = nan
2026-06-16 14:16:42,267 | INFO | celeba_ood | Per-attribute accuracy (in-distribution test set):
2026-06-16 14:16:42,267 | INFO | celeba_ood |   Male/Female : 97.56%
2026-06-16 14:16:42,268 | INFO | celeba_ood |   Young                 : 86.63%
2026-06-16 14:16:42,268 | INFO | celeba_ood |   Smiling               : 91.01%
2026-06-16 14:16:42,268 | INFO | celeba_ood |   Mouth_Slightly_Open   : 90.91%
2026-06-16 14:16:42,269 | INFO | celeba_ood |   High_Cheekbones       : 82.88%
2026-06-16 14:16:42,270 | INFO | celeba_ood |   Pointy_Nose           : 70.71%
2026-06-16 14:16:42,270 | INFO | celeba_ood |   Oval_Face             : 66.99%
2026-06-16 14:16:42,271 | INFO | celeba_ood | OOD AUROC (in-dist vs Eyeglasses):
2026-06-16 14:16:42,271 | INFO | celeba_ood |   score_msp                AUROC = 0.6041  (in_mean=0.004, ood_mean=0.015)
2026-06-16 14:16:42,271 | INFO | celeba_ood |   score_entropy_gender     AUROC = 0.6163  (in_mean=0.010, ood_mean=0.037)
2026-06-16 14:26:20,355 | INFO | celeba_ood | Fusion-based AUROC (max-pixel) = 0.5794  (in_mean=1.1583, ood_mean=1.2665)
2026-06-16 14:26:20,355 | INFO | celeba_ood | Wrote per-block plots: per_block_breakdown.png, recons_only.png, activations.png, fusion_overlay.png, fusion_auroc.png
2026-06-16 14:26:20,357 | INFO | celeba_ood | Summary written to outputs/celeba_ood/ensemble_20260612_164529_6508484/model_3/summary.json
2026-06-16 14:26:20,357 | INFO | celeba_ood | model 4/10 done in 651.2s
2026-06-16 14:26:20,359 | INFO | celeba_ood | ######################################################################
2026-06-16 14:26:20,359 | INFO | celeba_ood | # MODEL 5/10   (seed=46)
2026-06-16 14:26:20,359 | INFO | celeba_ood | ######################################################################
2026-06-16 14:26:20,412 | INFO | celeba_ood | Model        : FacialCNN  (1,571,624 params)
2026-06-16 14:26:20,455 | INFO | celeba_ood | Loaded weights from outputs/celeba_ood/ensemble_20260612_164529_6508484/model_4/weights/model.pt
2026-06-16 14:26:20,541 | INFO | celeba_ood | Loaded decoder weights from outputs/celeba_ood/ensemble_20260612_164529_6508484/model_4/weights/decoders.pt
2026-06-16 14:26:20,541 | INFO | celeba_ood | ======================================================================
2026-06-16 14:26:20,541 | INFO | celeba_ood | EVALUATION — per-attribute accuracy + OOD AUROC
2026-06-16 14:26:20,542 | INFO | celeba_ood | ======================================================================
2026-06-16 14:26:20,542 | INFO | celeba_ood | Collecting predictions on test_in...
2026-06-16 14:26:57,323 | INFO | celeba_ood |   test_in size = 18941, OOD score (combined entropy) mean = nan
2026-06-16 14:26:57,323 | INFO | celeba_ood | Collecting predictions on test_ood (Eyeglasses)...
2026-06-16 14:27:23,810 | INFO | celeba_ood |   test_ood size = 13193, OOD score (combined entropy) mean = nan
2026-06-16 14:27:23,834 | INFO | celeba_ood | Per-attribute accuracy (in-distribution test set):
2026-06-16 14:27:23,834 | INFO | celeba_ood |   Male/Female : 97.68%
2026-06-16 14:27:23,835 | INFO | celeba_ood |   Young                 : 83.30%
2026-06-16 14:27:23,836 | INFO | celeba_ood |   Smiling               : 90.15%
2026-06-16 14:27:23,836 | INFO | celeba_ood |   Mouth_Slightly_Open   : 91.04%
2026-06-16 14:27:23,836 | INFO | celeba_ood |   High_Cheekbones       : 81.65%
2026-06-16 14:27:23,837 | INFO | celeba_ood |   Pointy_Nose           : 71.47%
2026-06-16 14:27:23,838 | INFO | celeba_ood |   Oval_Face             : 68.71%
2026-06-16 14:27:23,838 | INFO | celeba_ood | OOD AUROC (in-dist vs Eyeglasses):
2026-06-16 14:27:23,839 | INFO | celeba_ood |   score_msp                AUROC = 0.6593  (in_mean=0.005, ood_mean=0.018)
2026-06-16 14:27:23,839 | INFO | celeba_ood |   score_entropy_gender     AUROC = 0.6927  (in_mean=0.012, ood_mean=0.043)
2026-06-16 14:34:43,325 | INFO | celeba_ood | Fusion-based AUROC (max-pixel) = 0.5868  (in_mean=1.1661, ood_mean=1.2858)
2026-06-16 14:34:43,325 | INFO | celeba_ood | Wrote per-block plots: per_block_breakdown.png, recons_only.png, activations.png, fusion_overlay.png, fusion_auroc.png
2026-06-16 14:34:43,327 | INFO | celeba_ood | Summary written to outputs/celeba_ood/ensemble_20260612_164529_6508484/model_4/summary.json
2026-06-16 14:34:43,329 | INFO | celeba_ood | model 5/10 done in 503.0s
2026-06-16 14:34:43,330 | INFO | celeba_ood | ######################################################################
2026-06-16 14:34:43,330 | INFO | celeba_ood | # MODEL 6/10   (seed=47)
2026-06-16 14:34:43,330 | INFO | celeba_ood | ######################################################################
2026-06-16 14:34:43,380 | INFO | celeba_ood | Model        : FacialCNN  (1,571,624 params)
2026-06-16 14:34:43,439 | INFO | celeba_ood | Loaded weights from outputs/celeba_ood/ensemble_20260612_164529_6508484/model_5/weights/model.pt
2026-06-16 14:34:43,525 | INFO | celeba_ood | Loaded decoder weights from outputs/celeba_ood/ensemble_20260612_164529_6508484/model_5/weights/decoders.pt
2026-06-16 14:34:43,525 | INFO | celeba_ood | ======================================================================
2026-06-16 14:34:43,526 | INFO | celeba_ood | EVALUATION — per-attribute accuracy + OOD AUROC
2026-06-16 14:34:43,526 | INFO | celeba_ood | ======================================================================
2026-06-16 14:34:43,526 | INFO | celeba_ood | Collecting predictions on test_in...
2026-06-16 14:35:24,779 | INFO | celeba_ood |   test_in size = 18941, OOD score (combined entropy) mean = nan
2026-06-16 14:35:24,779 | INFO | celeba_ood | Collecting predictions on test_ood (Eyeglasses)...
2026-06-16 14:35:50,418 | INFO | celeba_ood |   test_ood size = 13193, OOD score (combined entropy) mean = nan
2026-06-16 14:35:50,444 | INFO | celeba_ood | Per-attribute accuracy (in-distribution test set):
2026-06-16 14:35:50,444 | INFO | celeba_ood |   Male/Female : 97.62%
2026-06-16 14:35:50,444 | INFO | celeba_ood |   Young                 : 87.01%
2026-06-16 14:35:50,444 | INFO | celeba_ood |   Smiling               : 91.18%
2026-06-16 14:35:50,445 | INFO | celeba_ood |   Mouth_Slightly_Open   : 91.34%
2026-06-16 14:35:50,446 | INFO | celeba_ood |   High_Cheekbones       : 84.91%
2026-06-16 14:35:50,446 | INFO | celeba_ood |   Pointy_Nose           : 71.53%
2026-06-16 14:35:50,447 | INFO | celeba_ood |   Oval_Face             : 64.21%
2026-06-16 14:35:50,447 | INFO | celeba_ood | OOD AUROC (in-dist vs Eyeglasses):
2026-06-16 14:35:50,447 | INFO | celeba_ood |   score_msp                AUROC = 0.6377  (in_mean=0.005, ood_mean=0.016)
2026-06-16 14:35:50,447 | INFO | celeba_ood |   score_entropy_gender     AUROC = 0.6787  (in_mean=0.011, ood_mean=0.039)
2026-06-16 14:47:14,890 | INFO | celeba_ood | Fusion-based AUROC (max-pixel) = 0.5861  (in_mean=1.1604, ood_mean=1.2782)
2026-06-16 14:47:14,890 | INFO | celeba_ood | Wrote per-block plots: per_block_breakdown.png, recons_only.png, activations.png, fusion_overlay.png, fusion_auroc.png
2026-06-16 14:47:14,892 | INFO | celeba_ood | Summary written to outputs/celeba_ood/ensemble_20260612_164529_6508484/model_5/summary.json
2026-06-16 14:47:14,893 | INFO | celeba_ood | model 6/10 done in 751.6s
2026-06-16 14:47:14,894 | INFO | celeba_ood | ######################################################################
2026-06-16 14:47:14,895 | INFO | celeba_ood | # MODEL 7/10   (seed=48)
2026-06-16 14:47:14,895 | INFO | celeba_ood | ######################################################################
2026-06-16 14:47:14,939 | INFO | celeba_ood | Model        : FacialCNN  (1,571,624 params)
2026-06-16 14:47:15,062 | INFO | celeba_ood | Loaded weights from outputs/celeba_ood/ensemble_20260612_164529_6508484/model_6/weights/model.pt
2026-06-16 14:47:15,208 | INFO | celeba_ood | Loaded decoder weights from outputs/celeba_ood/ensemble_20260612_164529_6508484/model_6/weights/decoders.pt
2026-06-16 14:47:15,209 | INFO | celeba_ood | ======================================================================
2026-06-16 14:47:15,209 | INFO | celeba_ood | EVALUATION — per-attribute accuracy + OOD AUROC
2026-06-16 14:47:15,210 | INFO | celeba_ood | ======================================================================
2026-06-16 14:47:15,212 | INFO | celeba_ood | Collecting predictions on test_in...
2026-06-16 14:47:54,268 | INFO | celeba_ood |   test_in size = 18941, OOD score (combined entropy) mean = nan
2026-06-16 14:47:54,268 | INFO | celeba_ood | Collecting predictions on test_ood (Eyeglasses)...
2026-06-16 14:48:23,612 | INFO | celeba_ood |   test_ood size = 13193, OOD score (combined entropy) mean = nan
2026-06-16 14:48:23,637 | INFO | celeba_ood | Per-attribute accuracy (in-distribution test set):
2026-06-16 14:48:23,637 | INFO | celeba_ood |   Male/Female : 97.60%
2026-06-16 14:48:23,637 | INFO | celeba_ood |   Young                 : 84.29%
2026-06-16 14:48:23,637 | INFO | celeba_ood |   Smiling               : 90.51%
2026-06-16 14:48:23,638 | INFO | celeba_ood |   Mouth_Slightly_Open   : 91.10%
2026-06-16 14:48:23,638 | INFO | celeba_ood |   High_Cheekbones       : 83.68%
2026-06-16 14:48:23,638 | INFO | celeba_ood |   Pointy_Nose           : 70.61%
2026-06-16 14:48:23,639 | INFO | celeba_ood |   Oval_Face             : 71.97%
2026-06-16 14:48:23,639 | INFO | celeba_ood | OOD AUROC (in-dist vs Eyeglasses):
2026-06-16 14:48:23,639 | INFO | celeba_ood |   score_msp                AUROC = 0.6168  (in_mean=0.004, ood_mean=0.015)
2026-06-16 14:48:23,639 | INFO | celeba_ood |   score_entropy_gender     AUROC = 0.6625  (in_mean=0.010, ood_mean=0.035)
2026-06-16 14:56:16,925 | INFO | celeba_ood | Fusion-based AUROC (max-pixel) = 0.5954  (in_mean=1.1459, ood_mean=1.2758)
2026-06-16 14:56:16,925 | INFO | celeba_ood | Wrote per-block plots: per_block_breakdown.png, recons_only.png, activations.png, fusion_overlay.png, fusion_auroc.png
2026-06-16 14:56:16,927 | INFO | celeba_ood | Summary written to outputs/celeba_ood/ensemble_20260612_164529_6508484/model_6/summary.json
2026-06-16 14:56:16,928 | INFO | celeba_ood | model 7/10 done in 542.0s
2026-06-16 14:56:16,929 | INFO | celeba_ood | ######################################################################
2026-06-16 14:56:16,939 | INFO | celeba_ood | # MODEL 8/10   (seed=49)
2026-06-16 14:56:16,940 | INFO | celeba_ood | ######################################################################
2026-06-16 14:56:17,069 | INFO | celeba_ood | Model        : FacialCNN  (1,571,624 params)
2026-06-16 14:56:17,193 | INFO | celeba_ood | Loaded weights from outputs/celeba_ood/ensemble_20260612_164529_6508484/model_7/weights/model.pt
2026-06-16 14:56:17,401 | INFO | celeba_ood | Loaded decoder weights from outputs/celeba_ood/ensemble_20260612_164529_6508484/model_7/weights/decoders.pt
2026-06-16 14:56:17,401 | INFO | celeba_ood | ======================================================================
2026-06-16 14:56:17,401 | INFO | celeba_ood | EVALUATION — per-attribute accuracy + OOD AUROC
2026-06-16 14:56:17,402 | INFO | celeba_ood | ======================================================================
2026-06-16 14:56:17,402 | INFO | celeba_ood | Collecting predictions on test_in...
2026-06-16 14:56:59,158 | INFO | celeba_ood |   test_in size = 18941, OOD score (combined entropy) mean = nan
2026-06-16 14:56:59,158 | INFO | celeba_ood | Collecting predictions on test_ood (Eyeglasses)...
2026-06-16 14:57:36,306 | INFO | celeba_ood |   test_ood size = 13193, OOD score (combined entropy) mean = nan
2026-06-16 14:57:36,331 | INFO | celeba_ood | Per-attribute accuracy (in-distribution test set):
2026-06-16 14:57:36,331 | INFO | celeba_ood |   Male/Female : 97.51%
2026-06-16 14:57:36,332 | INFO | celeba_ood |   Young                 : 86.64%
2026-06-16 14:57:36,332 | INFO | celeba_ood |   Smiling               : 90.58%
2026-06-16 14:57:36,333 | INFO | celeba_ood |   Mouth_Slightly_Open   : 91.10%
2026-06-16 14:57:36,333 | INFO | celeba_ood |   High_Cheekbones       : 84.49%
2026-06-16 14:57:36,334 | INFO | celeba_ood |   Pointy_Nose           : 71.64%
2026-06-16 14:57:36,334 | INFO | celeba_ood |   Oval_Face             : 72.05%
2026-06-16 14:57:36,335 | INFO | celeba_ood | OOD AUROC (in-dist vs Eyeglasses):
2026-06-16 14:57:36,335 | INFO | celeba_ood |   score_msp                AUROC = 0.6427  (in_mean=0.004, ood_mean=0.018)
2026-06-16 14:57:36,335 | INFO | celeba_ood |   score_entropy_gender     AUROC = 0.6958  (in_mean=0.011, ood_mean=0.042)
2026-06-16 15:06:29,319 | INFO | celeba_ood | Fusion-based AUROC (max-pixel) = 0.5876  (in_mean=1.1518, ood_mean=1.2723)
2026-06-16 15:06:29,319 | INFO | celeba_ood | Wrote per-block plots: per_block_breakdown.png, recons_only.png, activations.png, fusion_overlay.png, fusion_auroc.png
2026-06-16 15:06:29,322 | INFO | celeba_ood | Summary written to outputs/celeba_ood/ensemble_20260612_164529_6508484/model_7/summary.json
2026-06-16 15:06:29,322 | INFO | celeba_ood | model 8/10 done in 612.4s
2026-06-16 15:06:29,324 | INFO | celeba_ood | ######################################################################
2026-06-16 15:06:29,324 | INFO | celeba_ood | # MODEL 9/10   (seed=50)
2026-06-16 15:06:29,324 | INFO | celeba_ood | ######################################################################
2026-06-16 15:06:29,673 | INFO | celeba_ood | Model        : FacialCNN  (1,571,624 params)
2026-06-16 15:06:29,756 | INFO | celeba_ood | Loaded weights from outputs/celeba_ood/ensemble_20260612_164529_6508484/model_8/weights/model.pt
2026-06-16 15:06:29,861 | INFO | celeba_ood | Loaded decoder weights from outputs/celeba_ood/ensemble_20260612_164529_6508484/model_8/weights/decoders.pt
2026-06-16 15:06:29,862 | INFO | celeba_ood | ======================================================================
2026-06-16 15:06:29,862 | INFO | celeba_ood | EVALUATION — per-attribute accuracy + OOD AUROC
2026-06-16 15:06:29,862 | INFO | celeba_ood | ======================================================================
2026-06-16 15:06:29,863 | INFO | celeba_ood | Collecting predictions on test_in...
2026-06-16 15:07:14,525 | INFO | celeba_ood |   test_in size = 18941, OOD score (combined entropy) mean = nan
2026-06-16 15:07:14,526 | INFO | celeba_ood | Collecting predictions on test_ood (Eyeglasses)...
2026-06-16 15:07:42,395 | INFO | celeba_ood |   test_ood size = 13193, OOD score (combined entropy) mean = nan
2026-06-16 15:07:42,420 | INFO | celeba_ood | Per-attribute accuracy (in-distribution test set):
2026-06-16 15:07:42,420 | INFO | celeba_ood |   Male/Female : 97.57%
2026-06-16 15:07:42,420 | INFO | celeba_ood |   Young                 : 86.77%
2026-06-16 15:07:42,421 | INFO | celeba_ood |   Smiling               : 90.31%
2026-06-16 15:07:42,421 | INFO | celeba_ood |   Mouth_Slightly_Open   : 90.88%
2026-06-16 15:07:42,421 | INFO | celeba_ood |   High_Cheekbones       : 83.99%
2026-06-16 15:07:42,421 | INFO | celeba_ood |   Pointy_Nose           : 71.10%
2026-06-16 15:07:42,421 | INFO | celeba_ood |   Oval_Face             : 69.45%
2026-06-16 15:07:42,422 | INFO | celeba_ood | OOD AUROC (in-dist vs Eyeglasses):
2026-06-16 15:07:42,422 | INFO | celeba_ood |   score_msp                AUROC = 0.6259  (in_mean=0.005, ood_mean=0.017)
2026-06-16 15:07:42,422 | INFO | celeba_ood |   score_entropy_gender     AUROC = 0.6531  (in_mean=0.011, ood_mean=0.039)
2026-06-16 15:15:17,696 | INFO | celeba_ood | Fusion-based AUROC (max-pixel) = 0.5872  (in_mean=1.1523, ood_mean=1.2722)
2026-06-16 15:15:17,697 | INFO | celeba_ood | Wrote per-block plots: per_block_breakdown.png, recons_only.png, activations.png, fusion_overlay.png, fusion_auroc.png
2026-06-16 15:15:17,699 | INFO | celeba_ood | Summary written to outputs/celeba_ood/ensemble_20260612_164529_6508484/model_8/summary.json
2026-06-16 15:15:17,700 | INFO | celeba_ood | model 9/10 done in 528.4s
2026-06-16 15:15:17,702 | INFO | celeba_ood | ######################################################################
2026-06-16 15:15:17,702 | INFO | celeba_ood | # MODEL 10/10   (seed=51)
2026-06-16 15:15:17,702 | INFO | celeba_ood | ######################################################################
2026-06-16 15:15:17,756 | INFO | celeba_ood | Model        : FacialCNN  (1,571,624 params)
2026-06-16 15:15:17,826 | INFO | celeba_ood | Loaded weights from outputs/celeba_ood/ensemble_20260612_164529_6508484/model_9/weights/model.pt
2026-06-16 15:15:17,925 | INFO | celeba_ood | Loaded decoder weights from outputs/celeba_ood/ensemble_20260612_164529_6508484/model_9/weights/decoders.pt
2026-06-16 15:15:17,926 | INFO | celeba_ood | ======================================================================
2026-06-16 15:15:17,926 | INFO | celeba_ood | EVALUATION — per-attribute accuracy + OOD AUROC
2026-06-16 15:15:17,927 | INFO | celeba_ood | ======================================================================
2026-06-16 15:15:17,927 | INFO | celeba_ood | Collecting predictions on test_in...
2026-06-16 15:15:56,849 | INFO | celeba_ood |   test_in size = 18941, OOD score (combined entropy) mean = nan
2026-06-16 15:15:56,849 | INFO | celeba_ood | Collecting predictions on test_ood (Eyeglasses)...
2026-06-16 15:16:22,293 | INFO | celeba_ood |   test_ood size = 13193, OOD score (combined entropy) mean = nan
2026-06-16 15:16:22,319 | INFO | celeba_ood | Per-attribute accuracy (in-distribution test set):
2026-06-16 15:16:22,319 | INFO | celeba_ood |   Male/Female : 97.57%
2026-06-16 15:16:22,319 | INFO | celeba_ood |   Young                 : 84.12%
2026-06-16 15:16:22,320 | INFO | celeba_ood |   Smiling               : 89.81%
2026-06-16 15:16:22,320 | INFO | celeba_ood |   Mouth_Slightly_Open   : 90.67%
2026-06-16 15:16:22,320 | INFO | celeba_ood |   High_Cheekbones       : 84.46%
2026-06-16 15:16:22,320 | INFO | celeba_ood |   Pointy_Nose           : 72.40%
2026-06-16 15:16:22,320 | INFO | celeba_ood |   Oval_Face             : 67.10%
2026-06-16 15:16:22,320 | INFO | celeba_ood | OOD AUROC (in-dist vs Eyeglasses):
2026-06-16 15:16:22,320 | INFO | celeba_ood |   score_msp                AUROC = 0.5918  (in_mean=0.004, ood_mean=0.013)
2026-06-16 15:16:22,320 | INFO | celeba_ood |   score_entropy_gender     AUROC = 0.5941  (in_mean=0.010, ood_mean=0.032)
2026-06-16 15:24:24,360 | INFO | celeba_ood | Fusion-based AUROC (max-pixel) = 0.5892  (in_mean=1.1539, ood_mean=1.2778)
2026-06-16 15:24:24,360 | INFO | celeba_ood | Wrote per-block plots: per_block_breakdown.png, recons_only.png, activations.png, fusion_overlay.png, fusion_auroc.png
2026-06-16 15:24:24,362 | INFO | celeba_ood | Summary written to outputs/celeba_ood/ensemble_20260612_164529_6508484/model_9/summary.json
2026-06-16 15:24:24,363 | INFO | celeba_ood | model 10/10 done in 546.7s
2026-06-16 15:24:24,364 | INFO | celeba_ood | All 10 models ready in 7337.7s
2026-06-16 15:24:24,364 | INFO | celeba_ood | ======================================================================
2026-06-16 15:24:24,364 | INFO | celeba_ood | ENSEMBLE DECOMPOSITION — Risk = Bias + Variance
2026-06-16 15:24:24,365 | INFO | celeba_ood | ======================================================================
2026-06-16 16:19:02,794 | INFO | celeba_ood | Aggregated OOD AUROC (p95):  Risk=0.6225  Bias=0.6267  Variance=0.5988
2026-06-16 16:19:02,794 | INFO | celeba_ood |   -> anomaly score = Bias = |Risk − Variance| (no sigma, no division):  AUROC=0.6267
2026-06-16 16:19:02,795 | INFO | celeba_ood |   block 0:  risk=0.5723  bias=0.5623  variance=0.5861
2026-06-16 16:19:02,795 | INFO | celeba_ood |   block 1:  risk=0.5969  bias=0.5881  variance=0.6017
2026-06-16 16:19:02,795 | INFO | celeba_ood |   block 2:  risk=0.6263  bias=0.6214  variance=0.6232
2026-06-16 16:19:02,795 | INFO | celeba_ood |   block 3:  risk=0.6510  bias=0.6546  variance=0.6167
2026-06-16 16:19:02,795 | INFO | celeba_ood |   block 4:  risk=0.6213  bias=0.6271  variance=0.5846
2026-06-16 16:19:02,795 | INFO | celeba_ood |   block 5:  risk=0.6033  bias=0.6080  variance=0.5705
2026-06-16 16:19:04,727 | INFO | celeba_ood | Risk = Bias + Variance identity — max abs residual on 25 samples (10 ID + 15 OOD): 3.43e-07
2026-06-16 16:21:16,682 | INFO | celeba_ood | Wrote ensemble plots: ensemble_decomposition.png, decomposition_auroc.png, ensemble_score_hists.png, mean_recon_breakdown.png, mean_recons_only.png, mean_abs_bias.png, variance_heatmaps_ood.png, variance_heatmaps_all.png, mean_error_maps.png, min_error_maps.png, score_comparison.png, bias_variance_vs_block.png, bias_variance_vs_percentile.png
2026-06-16 16:21:16,684 | INFO | celeba_ood | Ensemble summary written to outputs/celeba_ood/ensemble_20260612_164529_6508484/ensemble/summary.json
2026-06-16 16:21:16,684 | INFO | celeba_ood | All done.
