/home/ybahaddo/lrad/lrad/ensemble.py:89: FutureWarning: You are using `torch.load` with `weights_only=False` (the current default value), which uses the default pickle module implicitly. It is possible to construct malicious pickle data which will execute arbitrary code during unpickling (See https://github.com/pytorch/pytorch/blob/main/SECURITY.md#untrusted-models for more details). In a future release, the default value for `weights_only` will be flipped to `True`. This limits the functions that could be executed during unpickling. Arbitrary objects will no longer be allowed to be loaded via this mode unless they are explicitly allowlisted by the user via `torch.serialization.add_safe_globals`. We recommend you start setting `weights_only=True` for any use case where you don't have full control of the loaded file. Please open an issue on GitHub for any issues related to this experimental feature.
  torch.load(mdir / "weights" / "model.pt", map_location=device),
/home/ybahaddo/lrad/lrad/ensemble.py:94: FutureWarning: You are using `torch.load` with `weights_only=False` (the current default value), which uses the default pickle module implicitly. It is possible to construct malicious pickle data which will execute arbitrary code during unpickling (See https://github.com/pytorch/pytorch/blob/main/SECURITY.md#untrusted-models for more details). In a future release, the default value for `weights_only` will be flipped to `True`. This limits the functions that could be executed during unpickling. Arbitrary objects will no longer be allowed to be loaded via this mode unless they are explicitly allowlisted by the user via `torch.serialization.add_safe_globals`. We recommend you start setting `weights_only=True` for any use case where you don't have full control of the loaded file. Please open an issue on GitHub for any issues related to this experimental feature.
  torch.load(mdir / "weights" / "decoders.pt", map_location=device),
loaded model_0  channels=[32, 64, 128, 256, 256]  kernel_size=3
loaded model_1  channels=[24, 48, 96, 192, 384]  kernel_size=3
loaded model_2  channels=[48, 96, 192, 256, 256]  kernel_size=3
loaded model_3  channels=[16, 48, 96, 192, 320]  kernel_size=5
loaded model_4  channels=[40, 80, 160, 320, 320]  kernel_size=3
loaded model_5  channels=[32, 64, 128, 256, 256]  kernel_size=5
loaded model_6  channels=[64, 96, 160, 224, 288]  kernel_size=3
loaded model_7  channels=[24, 64, 128, 192, 256]  kernel_size=5
loaded model_8  channels=[48, 64, 96, 192, 384]  kernel_size=3
loaded model_9  channels=[32, 48, 112, 224, 336]  kernel_size=5
OOD attributes: Eyeglasses  →  in-dist=189406  ood=13193 images
Train pos rates: Male=39.0%  Arched_Eyebrows=28.4%  Bushy_Eyebrows=14.9%  Narrow_Eyes=11.9%  Bags_Under_Eyes=20.9%  Smiling=48.7%  Young=79.9%
val_ratio=0 → no validation split: 170465 in-dist images train, 18941 held out for test_in (no early stopping, full schedule).
Supervised fusion: 6596 OOD calibration / 6597 OOD eval images, 6596 train negatives, seed=42
locfre reference stats fitted on 10240 in-dist images (blocks [1, 2, 3])
supervised fusion fitted on 6596 in / 6596 ood: {'ens_energy_gender': np.float64(0.475), 'ens_msp_gender': np.float64(2.398), 'locfre_b1': np.float64(0.373), 'locfre_b2': np.float64(-0.486), 'locfre_b3': np.float64(0.952), 'unc_epistemic_combined': np.float64(6.261), 'unc_epistemic_gender': np.float64(-4.436), 'unc_total_combined': np.float64(-2.459), 'unc_total_gender': np.float64(-0.487)}
Evaluated 18941 in-dist vs 6597 OOD images (10240 ref images)
OOD AUROC per signal:
  ens_energy_gender          0.7236
  ens_msp_gender             0.6899
  locfre_b1                  0.7370
  locfre_b2                  0.7316
  locfre_b3                  0.7793
  unc_epistemic_combined     0.7405
  unc_epistemic_gender       0.6888
  unc_total_combined         0.7257
  unc_total_gender           0.6911
  FUSED_RANK                 0.8028
  FUSED_SUPERVISED           0.8104
Wrote outputs/celeba_ood/ensemble_20260716_170930_6774881/ensemble/fused_auroc.json
/home/ybahaddo/lrad/lrad/ensemble.py:89: FutureWarning: You are using `torch.load` with `weights_only=False` (the current default value), which uses the default pickle module implicitly. It is possible to construct malicious pickle data which will execute arbitrary code during unpickling (See https://github.com/pytorch/pytorch/blob/main/SECURITY.md#untrusted-models for more details). In a future release, the default value for `weights_only` will be flipped to `True`. This limits the functions that could be executed during unpickling. Arbitrary objects will no longer be allowed to be loaded via this mode unless they are explicitly allowlisted by the user via `torch.serialization.add_safe_globals`. We recommend you start setting `weights_only=True` for any use case where you don't have full control of the loaded file. Please open an issue on GitHub for any issues related to this experimental feature.
  torch.load(mdir / "weights" / "model.pt", map_location=device),
/home/ybahaddo/lrad/lrad/ensemble.py:94: FutureWarning: You are using `torch.load` with `weights_only=False` (the current default value), which uses the default pickle module implicitly. It is possible to construct malicious pickle data which will execute arbitrary code during unpickling (See https://github.com/pytorch/pytorch/blob/main/SECURITY.md#untrusted-models for more details). In a future release, the default value for `weights_only` will be flipped to `True`. This limits the functions that could be executed during unpickling. Arbitrary objects will no longer be allowed to be loaded via this mode unless they are explicitly allowlisted by the user via `torch.serialization.add_safe_globals`. We recommend you start setting `weights_only=True` for any use case where you don't have full control of the loaded file. Please open an issue on GitHub for any issues related to this experimental feature.
  torch.load(mdir / "weights" / "decoders.pt", map_location=device),
loaded model_0  channels=[32, 64, 128, 256, 256]  kernel_size=3
loaded model_1  channels=[24, 48, 96, 192, 384]  kernel_size=3
loaded model_2  channels=[48, 96, 192, 256, 256]  kernel_size=3
loaded model_3  channels=[16, 48, 96, 192, 320]  kernel_size=5
loaded model_4  channels=[40, 80, 160, 320, 320]  kernel_size=3
loaded model_5  channels=[32, 64, 128, 256, 256]  kernel_size=5
loaded model_6  channels=[64, 96, 160, 224, 288]  kernel_size=3
loaded model_7  channels=[24, 64, 128, 192, 256]  kernel_size=5
loaded model_8  channels=[48, 64, 96, 192, 384]  kernel_size=3
loaded model_9  channels=[32, 48, 112, 224, 336]  kernel_size=5
OOD attributes: Eyeglasses  →  in-dist=189406  ood=13193 images
Train pos rates: Male=39.0%  Arched_Eyebrows=28.4%  Bushy_Eyebrows=14.9%  Narrow_Eyes=11.9%  Bags_Under_Eyes=20.9%  Smiling=48.7%  Young=79.9%
val_ratio=0 → no validation split: 170465 in-dist images train, 18941 held out for test_in (no early stopping, full schedule).
Reference stats from 'train' (max 40 batches), patch sizes [4, 8, 16]
Reference stats fitted on 10240 in-dist images (5 blocks, std_floor=0.001)
Evaluated 18941 in-dist vs 13193 OOD images (10240 ref images for the stats)
OOD AUROC — global-p95 baseline vs z-score+patch-max:
  risk      baseline=0.6356   localized=0.6963   (Δ +0.0607)
  bias      baseline=0.6377   localized=0.6859   (Δ +0.0483)
  variance  baseline=0.6271   localized=0.6743   (Δ +0.0472)
  per-block risk      L0=0.6563  L1=0.6330  L2=0.6514  L3=0.7019  L4=0.6915
  per-block bias      L0=0.5916  L1=0.6273  L2=0.6428  L3=0.6983  L4=0.6882
  per-block variance  L0=0.6436  L1=0.6229  L2=0.6546  L3=0.6716  L4=0.6536
Wrote outputs/celeba_ood/ensemble_20260716_170930_6774881/ensemble/localized_auroc.json
