2026-07-19 06:03:17,023 | INFO | celeba_ood | ======================================================================
2026-07-19 06:03:17,023 | INFO | celeba_ood | Ensemble experiment : celeba_ood_cp128
2026-07-19 06:03:17,023 | INFO | celeba_ood | Config              : configs/celeba_ood_cutpaste128.yaml
2026-07-19 06:03:17,023 | INFO | celeba_ood | Output dir          : outputs/celeba_ood/cp128_20260719_060210_6782570
2026-07-19 06:03:17,023 | INFO | celeba_ood | Device              : cuda
2026-07-19 06:03:17,023 | INFO | celeba_ood | Ensemble size       : 8   seeds = [42, 43, 44, 45, 46, 47, 48, 49]
2026-07-19 06:03:17,024 | INFO | celeba_ood | Decomposition agg   : p95
2026-07-19 06:03:17,044 | INFO | celeba_ood | GPU                 : NVIDIA A40  (torch 2.5.1+cu121, cuda 12.1)
2026-07-19 06:03:17,044 | INFO | celeba_ood | ======================================================================
2026-07-19 06:03:28,648 | INFO | celeba_ood | OOD attributes: Eyeglasses  →  in-dist=189406  ood=13193 images
2026-07-19 06:03:28,926 | INFO | celeba_ood | Train pos rates: Male=39.0%  Arched_Eyebrows=28.4%  Bushy_Eyebrows=14.9%  Narrow_Eyes=11.9%  Bags_Under_Eyes=20.9%  Smiling=48.7%  Young=79.9%
2026-07-19 06:03:28,926 | INFO | celeba_ood | val_ratio=0 → no validation split: 170465 in-dist images train, 18941 held out for test_in (no early stopping, full schedule).
2026-07-19 06:03:28,946 | INFO | celeba_ood | Dataloaders  train=170465  val=0  test_in=18941  test_ood=13193
2026-07-19 06:03:28,947 | INFO | celeba_ood | ######################################################################
2026-07-19 06:03:28,947 | INFO | celeba_ood | # MODEL 1/8   (seed=42, channels=[32, 64, 128, 256, 256], kernel=3)
2026-07-19 06:03:28,947 | INFO | celeba_ood | ######################################################################
2026-07-19 06:03:29,898 | INFO | celeba_ood | Model        : FacialCNN  (981,802 params)
2026-07-19 06:03:29,898 | INFO | celeba_ood | ======================================================================
2026-07-19 06:03:29,898 | INFO | celeba_ood | TRAINING — combined CE(gender) + BCE(attrs) loss
2026-07-19 06:03:29,898 | INFO | celeba_ood | ======================================================================
2026-07-19 06:03:29,898 | INFO | celeba_ood | CutPaste pretext on: {'prob': 0.5, 'area_range': (0.05, 0.15), 'aspect_range': (0.3, 3.3), 'scar_prob': 0.0}  loss_weight=0.5
2026-07-19 06:03:29,899 | INFO | celeba_ood | No validation set — running the full 20-epoch schedule with no early stopping; final-epoch weights are kept.
2026-07-19 06:12:20,079 | INFO | celeba_ood | epoch   1/20  train_loss=0.9964  train_gender_acc=92.7%  train_attr_acc=[76.3 87.5 88.2 80.7 82.8 83.0]%  (530.2s)
2026-07-19 06:13:15,939 | INFO | celeba_ood | epoch   2/20  train_loss=0.7189  train_gender_acc=96.5%  train_attr_acc=[80.0 90.6 89.0 82.9 90.7 86.0]%  (55.9s)
2026-07-19 06:14:11,757 | INFO | celeba_ood | epoch   3/20  train_loss=0.6575  train_gender_acc=97.3%  train_attr_acc=[81.5 91.2 89.6 83.5 91.6 87.0]%  (55.8s)
2026-07-19 06:15:08,634 | INFO | celeba_ood | epoch   4/20  train_loss=0.6235  train_gender_acc=97.6%  train_attr_acc=[82.5 91.4 89.7 84.3 92.0 87.9]%  (56.9s)
2026-07-19 06:16:04,190 | INFO | celeba_ood | epoch   5/20  train_loss=0.6010  train_gender_acc=97.9%  train_attr_acc=[83.3 91.7 89.8 84.2 92.4 88.2]%  (55.6s)
2026-07-19 06:16:59,991 | INFO | celeba_ood | epoch   6/20  train_loss=0.5809  train_gender_acc=98.2%  train_attr_acc=[83.6 91.7 90.3 84.6 92.7 88.7]%  (55.8s)
2026-07-19 06:17:56,222 | INFO | celeba_ood | epoch   7/20  train_loss=0.5700  train_gender_acc=98.3%  train_attr_acc=[83.9 91.9 90.2 84.7 92.8 88.9]%  (56.2s)
2026-07-19 06:18:51,908 | INFO | celeba_ood | epoch   8/20  train_loss=0.5598  train_gender_acc=98.4%  train_attr_acc=[83.9 91.9 90.3 84.9 92.9 89.2]%  (55.7s)
2026-07-19 06:19:47,896 | INFO | celeba_ood | epoch   9/20  train_loss=0.5499  train_gender_acc=98.5%  train_attr_acc=[84.4 92.1 90.2 84.9 93.2 89.4]%  (56.0s)
2026-07-19 06:20:43,516 | INFO | celeba_ood | epoch  10/20  train_loss=0.5359  train_gender_acc=98.7%  train_attr_acc=[84.8 92.2 90.3 85.2 93.4 89.6]%  (55.6s)
2026-07-19 06:21:39,324 | INFO | celeba_ood | epoch  11/20  train_loss=0.5254  train_gender_acc=98.8%  train_attr_acc=[84.8 92.3 90.6 85.4 93.4 89.8]%  (55.8s)
2026-07-19 06:22:35,411 | INFO | celeba_ood | epoch  12/20  train_loss=0.5205  train_gender_acc=98.9%  train_attr_acc=[84.9 92.4 90.3 85.7 93.7 90.0]%  (56.1s)
2026-07-19 06:23:31,296 | INFO | celeba_ood | epoch  13/20  train_loss=0.5094  train_gender_acc=99.0%  train_attr_acc=[85.1 92.6 90.7 85.6 93.7 90.1]%  (55.9s)
2026-07-19 06:24:27,366 | INFO | celeba_ood | epoch  14/20  train_loss=0.4976  train_gender_acc=99.1%  train_attr_acc=[85.5 92.7 90.8 85.9 93.8 90.5]%  (56.1s)
2026-07-19 06:25:23,832 | INFO | celeba_ood | epoch  15/20  train_loss=0.4913  train_gender_acc=99.2%  train_attr_acc=[85.8 92.7 90.8 86.0 94.0 90.6]%  (56.5s)
2026-07-19 06:26:19,908 | INFO | celeba_ood | epoch  16/20  train_loss=0.4797  train_gender_acc=99.3%  train_attr_acc=[85.8 92.8 90.9 86.5 94.1 90.9]%  (56.1s)
2026-07-19 06:27:16,912 | INFO | celeba_ood | epoch  17/20  train_loss=0.4726  train_gender_acc=99.3%  train_attr_acc=[86.0 93.0 90.9 86.4 94.3 91.1]%  (57.0s)
2026-07-19 06:28:13,332 | INFO | celeba_ood | epoch  18/20  train_loss=0.4624  train_gender_acc=99.4%  train_attr_acc=[86.4 93.1 90.9 86.6 94.6 91.3]%  (56.4s)
2026-07-19 06:29:10,112 | INFO | celeba_ood | epoch  19/20  train_loss=0.4554  train_gender_acc=99.5%  train_attr_acc=[86.5 93.1 91.1 86.7 94.5 91.5]%  (56.8s)
2026-07-19 06:30:07,928 | INFO | celeba_ood | epoch  20/20  train_loss=0.4465  train_gender_acc=99.5%  train_attr_acc=[86.7 93.3 91.4 87.1 94.7 91.7]%  (57.8s)
2026-07-19 06:30:07,928 | INFO | celeba_ood | Training done in 1598.0s
2026-07-19 06:30:08,086 | INFO | celeba_ood | ======================================================================
2026-07-19 06:30:08,086 | INFO | celeba_ood | PHASE 2 — training per-block reconstruction decoders
2026-07-19 06:30:08,086 | INFO | celeba_ood | ======================================================================
2026-07-19 06:30:08,086 | INFO | celeba_ood |   decoder L0: in=(C=32, H=64) → out=(3, 128, 128)  params=8,275
2026-07-19 06:30:08,086 | INFO | celeba_ood |   decoder L1: in=(C=64, H=32) → out=(3, 128, 128)  params=41,107
2026-07-19 06:30:08,086 | INFO | celeba_ood |   decoder L2: in=(C=128, H=16) → out=(3, 128, 128)  params=172,307
2026-07-19 06:30:08,086 | INFO | celeba_ood |   decoder L3: in=(C=256, H=8) → out=(3, 128, 128)  params=696,851
2026-07-19 06:30:08,086 | INFO | celeba_ood |   decoder L4: in=(C=256, H=8) → out=(3, 128, 128)  params=696,851
2026-07-19 06:32:00,862 | INFO | celeba_ood | [decoders] epoch   1/25  train=0.0484  per_block(train)=[0.0034 0.0054 0.0077 0.0117 0.0202]  (112.8s)
2026-07-19 06:33:51,271 | INFO | celeba_ood | [decoders] epoch   2/25  train=0.0278  per_block(train)=[0.0007 0.0019 0.0040 0.0067 0.0146]  (110.4s)
2026-07-19 06:35:41,634 | INFO | celeba_ood | [decoders] epoch   3/25  train=0.0261  per_block(train)=[0.0006 0.0018 0.0038 0.0063 0.0136]  (110.4s)
2026-07-19 06:37:31,979 | INFO | celeba_ood | [decoders] epoch   4/25  train=0.0251  per_block(train)=[0.0006 0.0017 0.0037 0.0061 0.0131]  (110.3s)
2026-07-19 06:39:22,293 | INFO | celeba_ood | [decoders] epoch   5/25  train=0.0246  per_block(train)=[0.0006 0.0017 0.0036 0.0060 0.0127]  (110.3s)
2026-07-19 06:41:12,596 | INFO | celeba_ood | [decoders] epoch   6/25  train=0.0240  per_block(train)=[0.0005 0.0016 0.0035 0.0058 0.0125]  (110.3s)
2026-07-19 06:43:02,962 | INFO | celeba_ood | [decoders] epoch   7/25  train=0.0238  per_block(train)=[0.0005 0.0016 0.0035 0.0058 0.0123]  (110.4s)
2026-07-19 06:44:53,270 | INFO | celeba_ood | [decoders] epoch   8/25  train=0.0235  per_block(train)=[0.0005 0.0016 0.0035 0.0057 0.0122]  (110.3s)
2026-07-19 06:46:43,565 | INFO | celeba_ood | [decoders] epoch   9/25  train=0.0233  per_block(train)=[0.0005 0.0016 0.0034 0.0057 0.0120]  (110.3s)
2026-07-19 06:48:33,875 | INFO | celeba_ood | [decoders] epoch  10/25  train=0.0231  per_block(train)=[0.0005 0.0016 0.0034 0.0056 0.0119]  (110.3s)
2026-07-19 06:50:24,178 | INFO | celeba_ood | [decoders] epoch  11/25  train=0.0229  per_block(train)=[0.0005 0.0016 0.0034 0.0056 0.0119]  (110.3s)
2026-07-19 06:52:14,469 | INFO | celeba_ood | [decoders] epoch  12/25  train=0.0227  per_block(train)=[0.0005 0.0016 0.0034 0.0055 0.0118]  (110.3s)
2026-07-19 06:54:04,740 | INFO | celeba_ood | [decoders] epoch  13/25  train=0.0226  per_block(train)=[0.0005 0.0016 0.0034 0.0055 0.0117]  (110.3s)
2026-07-19 06:55:55,059 | INFO | celeba_ood | [decoders] epoch  14/25  train=0.0225  per_block(train)=[0.0005 0.0016 0.0034 0.0055 0.0117]  (110.3s)
2026-07-19 06:57:45,356 | INFO | celeba_ood | [decoders] epoch  15/25  train=0.0224  per_block(train)=[0.0005 0.0015 0.0033 0.0055 0.0116]  (110.3s)
2026-07-19 06:59:35,703 | INFO | celeba_ood | [decoders] epoch  16/25  train=0.0223  per_block(train)=[0.0005 0.0015 0.0033 0.0054 0.0115]  (110.3s)
2026-07-19 07:01:25,984 | INFO | celeba_ood | [decoders] epoch  17/25  train=0.0222  per_block(train)=[0.0004 0.0015 0.0033 0.0054 0.0115]  (110.3s)
2026-07-19 07:03:16,295 | INFO | celeba_ood | [decoders] epoch  18/25  train=0.0222  per_block(train)=[0.0004 0.0015 0.0033 0.0054 0.0115]  (110.3s)
2026-07-19 07:05:06,606 | INFO | celeba_ood | [decoders] epoch  19/25  train=0.0221  per_block(train)=[0.0004 0.0015 0.0033 0.0054 0.0114]  (110.3s)
2026-07-19 07:06:56,945 | INFO | celeba_ood | [decoders] epoch  20/25  train=0.0220  per_block(train)=[0.0004 0.0015 0.0033 0.0054 0.0114]  (110.3s)
2026-07-19 07:08:47,281 | INFO | celeba_ood | [decoders] epoch  21/25  train=0.0220  per_block(train)=[0.0004 0.0015 0.0033 0.0054 0.0113]  (110.3s)
2026-07-19 07:10:37,615 | INFO | celeba_ood | [decoders] epoch  22/25  train=0.0219  per_block(train)=[0.0004 0.0015 0.0033 0.0053 0.0113]  (110.3s)
2026-07-19 07:12:27,912 | INFO | celeba_ood | [decoders] epoch  23/25  train=0.0219  per_block(train)=[0.0004 0.0015 0.0033 0.0053 0.0113]  (110.3s)
2026-07-19 07:14:18,177 | INFO | celeba_ood | [decoders] epoch  24/25  train=0.0219  per_block(train)=[0.0004 0.0015 0.0033 0.0053 0.0113]  (110.3s)
2026-07-19 07:16:08,485 | INFO | celeba_ood | [decoders] epoch  25/25  train=0.0218  per_block(train)=[0.0004 0.0015 0.0033 0.0053 0.0112]  (110.3s)
2026-07-19 07:16:08,488 | INFO | celeba_ood | Decoder training done in 2760.4s
2026-07-19 07:16:08,525 | INFO | celeba_ood | ======================================================================
2026-07-19 07:16:08,525 | INFO | celeba_ood | EVALUATION — per-attribute accuracy + OOD AUROC
2026-07-19 07:16:08,525 | INFO | celeba_ood | ======================================================================
2026-07-19 07:16:08,525 | INFO | celeba_ood | Collecting predictions on test_in...
2026-07-19 07:16:58,708 | INFO | celeba_ood |   test_in size = 18941, OOD score (combined entropy) mean = 0.3669
2026-07-19 07:16:58,708 | INFO | celeba_ood | Collecting predictions on test_ood (Eyeglasses)...
2026-07-19 07:17:14,983 | INFO | celeba_ood |   test_ood size = 13193, OOD score (combined entropy) mean = 0.2987
2026-07-19 07:17:15,352 | INFO | celeba_ood | Per-attribute accuracy (in-distribution test set):
2026-07-19 07:17:15,352 | INFO | celeba_ood |   Male/Female : 63.03%
2026-07-19 07:17:15,352 | INFO | celeba_ood |   Arched_Eyebrows       : 75.05%
2026-07-19 07:17:15,352 | INFO | celeba_ood |   Bushy_Eyebrows        : 82.29%
2026-07-19 07:17:15,352 | INFO | celeba_ood |   Narrow_Eyes           : 89.78%
2026-07-19 07:17:15,352 | INFO | celeba_ood |   Bags_Under_Eyes       : 71.26%
2026-07-19 07:17:15,352 | INFO | celeba_ood |   Smiling               : 70.98%
2026-07-19 07:17:15,352 | INFO | celeba_ood |   Young                 : 87.63%
2026-07-19 07:17:15,352 | INFO | celeba_ood | OOD AUROC (in-dist vs Eyeglasses):
2026-07-19 07:17:15,352 | INFO | celeba_ood |   score_msp                AUROC = 0.2602  (in_mean=0.053, ood_mean=0.001)
2026-07-19 07:17:15,352 | INFO | celeba_ood |   score_entropy_gender     AUROC = 0.2958  (in_mean=0.122, ood_mean=0.004)
2026-07-19 07:17:15,352 | INFO | celeba_ood |   score_entropy_attrs      AUROC = 0.6701  (in_mean=0.245, ood_mean=0.295)
2026-07-19 07:17:15,352 | INFO | celeba_ood |   score_entropy_combined   AUROC = 0.4703  (in_mean=0.367, ood_mean=0.299)
2026-07-19 07:18:31,083 | INFO | celeba_ood | Fusion-based AUROC (max-pixel) = 0.6144  (in_mean=1.0311, ood_mean=1.1767)
2026-07-19 07:18:31,083 | INFO | celeba_ood | Wrote per-block plots: per_block_breakdown.png, recons_only.png, activations.png, fusion_overlay.png, fusion_auroc.png
2026-07-19 07:18:31,084 | INFO | celeba_ood | Summary written to outputs/celeba_ood/cp128_20260719_060210_6782570/model_0/summary.json
2026-07-19 07:18:31,086 | INFO | celeba_ood | model 1/8 done in 4502.1s
2026-07-19 07:18:31,095 | INFO | celeba_ood | ######################################################################
2026-07-19 07:18:31,095 | INFO | celeba_ood | # MODEL 2/8   (seed=43, channels=[24, 48, 96, 192, 384], kernel=3)
2026-07-19 07:18:31,095 | INFO | celeba_ood | ######################################################################
2026-07-19 07:18:31,126 | INFO | celeba_ood | Model        : FacialCNN  (887,266 params)
2026-07-19 07:18:31,126 | INFO | celeba_ood | ======================================================================
2026-07-19 07:18:31,126 | INFO | celeba_ood | TRAINING — combined CE(gender) + BCE(attrs) loss
2026-07-19 07:18:31,126 | INFO | celeba_ood | ======================================================================
2026-07-19 07:18:31,126 | INFO | celeba_ood | CutPaste pretext on: {'prob': 0.5, 'area_range': (0.05, 0.15), 'aspect_range': (0.3, 3.3), 'scar_prob': 0.0}  loss_weight=0.5
2026-07-19 07:18:31,126 | INFO | celeba_ood | No validation set — running the full 20-epoch schedule with no early stopping; final-epoch weights are kept.
2026-07-19 07:19:27,425 | INFO | celeba_ood | epoch   1/20  train_loss=1.0370  train_gender_acc=91.9%  train_attr_acc=[75.5 87.8 88.2 80.6 81.0 82.7]%  (56.3s)
2026-07-19 07:20:23,131 | INFO | celeba_ood | epoch   2/20  train_loss=0.7459  train_gender_acc=96.2%  train_attr_acc=[79.6 90.7 88.6 82.4 90.5 85.5]%  (55.7s)
2026-07-19 07:21:19,001 | INFO | celeba_ood | epoch   3/20  train_loss=0.6811  train_gender_acc=97.0%  train_attr_acc=[81.2 91.0 89.2 83.1 91.4 86.7]%  (55.9s)
2026-07-19 07:22:15,543 | INFO | celeba_ood | epoch   4/20  train_loss=0.6412  train_gender_acc=97.4%  train_attr_acc=[82.1 91.4 89.5 83.6 91.9 87.7]%  (56.5s)
2026-07-19 07:23:11,931 | INFO | celeba_ood | epoch   5/20  train_loss=0.6207  train_gender_acc=97.6%  train_attr_acc=[82.7 91.6 89.7 84.2 92.2 87.9]%  (56.4s)
2026-07-19 07:24:09,014 | INFO | celeba_ood | epoch   6/20  train_loss=0.5998  train_gender_acc=97.9%  train_attr_acc=[83.0 91.6 89.9 84.2 92.4 88.4]%  (57.1s)
2026-07-19 07:25:04,777 | INFO | celeba_ood | epoch   7/20  train_loss=0.5893  train_gender_acc=98.1%  train_attr_acc=[83.4 91.8 89.9 84.5 92.6 88.6]%  (55.8s)
2026-07-19 07:26:01,123 | INFO | celeba_ood | epoch   8/20  train_loss=0.5734  train_gender_acc=98.3%  train_attr_acc=[83.8 91.7 90.1 84.7 92.7 88.8]%  (56.3s)
2026-07-19 07:26:56,946 | INFO | celeba_ood | epoch   9/20  train_loss=0.5667  train_gender_acc=98.3%  train_attr_acc=[84.1 91.9 90.1 84.8 92.9 89.0]%  (55.8s)
2026-07-19 07:27:52,813 | INFO | celeba_ood | epoch  10/20  train_loss=0.5554  train_gender_acc=98.5%  train_attr_acc=[84.0 92.2 90.1 85.0 93.0 89.3]%  (55.9s)
2026-07-19 07:28:48,960 | INFO | celeba_ood | epoch  11/20  train_loss=0.5472  train_gender_acc=98.6%  train_attr_acc=[84.3 92.2 90.3 85.2 93.1 89.4]%  (56.1s)
2026-07-19 07:29:44,785 | INFO | celeba_ood | epoch  12/20  train_loss=0.5371  train_gender_acc=98.7%  train_attr_acc=[84.3 92.2 90.3 85.2 93.2 89.5]%  (55.8s)
2026-07-19 07:30:40,326 | INFO | celeba_ood | epoch  13/20  train_loss=0.5289  train_gender_acc=98.9%  train_attr_acc=[84.7 92.2 90.3 85.4 93.4 89.8]%  (55.5s)
2026-07-19 07:31:36,616 | INFO | celeba_ood | epoch  14/20  train_loss=0.5226  train_gender_acc=98.9%  train_attr_acc=[85.0 92.1 90.5 85.4 93.6 89.8]%  (56.3s)
2026-07-19 07:32:32,376 | INFO | celeba_ood | epoch  15/20  train_loss=0.5140  train_gender_acc=99.0%  train_attr_acc=[84.9 92.6 90.5 85.6 93.5 89.9]%  (55.8s)
2026-07-19 07:33:28,265 | INFO | celeba_ood | epoch  16/20  train_loss=0.5074  train_gender_acc=99.1%  train_attr_acc=[85.2 92.4 90.6 85.7 93.7 90.3]%  (55.9s)
2026-07-19 07:34:23,913 | INFO | celeba_ood | epoch  17/20  train_loss=0.5016  train_gender_acc=99.2%  train_attr_acc=[85.3 92.5 90.7 85.8 93.8 90.3]%  (55.6s)
2026-07-19 07:35:19,840 | INFO | celeba_ood | epoch  18/20  train_loss=0.4956  train_gender_acc=99.3%  train_attr_acc=[85.4 92.5 90.8 85.8 93.8 90.6]%  (55.9s)
2026-07-19 07:36:15,895 | INFO | celeba_ood | epoch  19/20  train_loss=0.4870  train_gender_acc=99.3%  train_attr_acc=[85.5 92.7 90.9 86.2 94.0 90.7]%  (56.1s)
2026-07-19 07:37:11,944 | INFO | celeba_ood | epoch  20/20  train_loss=0.4829  train_gender_acc=99.3%  train_attr_acc=[85.7 92.7 90.8 86.3 93.8 90.7]%  (56.0s)
2026-07-19 07:37:11,945 | INFO | celeba_ood | Training done in 1120.8s
2026-07-19 07:37:12,097 | INFO | celeba_ood | ======================================================================
2026-07-19 07:37:12,097 | INFO | celeba_ood | PHASE 2 — training per-block reconstruction decoders
2026-07-19 07:37:12,097 | INFO | celeba_ood | ======================================================================
2026-07-19 07:37:12,098 | INFO | celeba_ood |   decoder L0: in=(C=24, H=64) → out=(3, 128, 128)  params=6,227
2026-07-19 07:37:12,098 | INFO | celeba_ood |   decoder L1: in=(C=48, H=32) → out=(3, 128, 128)  params=24,707
2026-07-19 07:37:12,098 | INFO | celeba_ood |   decoder L2: in=(C=96, H=16) → out=(3, 128, 128)  params=98,531
2026-07-19 07:37:12,098 | INFO | celeba_ood |   decoder L3: in=(C=192, H=8) → out=(3, 128, 128)  params=393,635
2026-07-19 07:37:12,098 | INFO | celeba_ood |   decoder L4: in=(C=384, H=8) → out=(3, 128, 128)  params=1,567,515
2026-07-19 07:39:07,810 | INFO | celeba_ood | [decoders] epoch   1/25  train=0.0468  per_block(train)=[0.0037 0.0042 0.0094 0.0110 0.0186]  (115.7s)
2026-07-19 07:41:03,391 | INFO | celeba_ood | [decoders] epoch   2/25  train=0.0278  per_block(train)=[0.0008 0.0020 0.0046 0.0074 0.0130]  (115.6s)
2026-07-19 07:42:58,919 | INFO | celeba_ood | [decoders] epoch   3/25  train=0.0260  per_block(train)=[0.0007 0.0019 0.0044 0.0070 0.0120]  (115.5s)
2026-07-19 07:44:54,429 | INFO | celeba_ood | [decoders] epoch   4/25  train=0.0250  per_block(train)=[0.0007 0.0018 0.0043 0.0068 0.0115]  (115.5s)
2026-07-19 07:46:49,926 | INFO | celeba_ood | [decoders] epoch   5/25  train=0.0244  per_block(train)=[0.0006 0.0018 0.0042 0.0067 0.0111]  (115.5s)
2026-07-19 07:48:45,498 | INFO | celeba_ood | [decoders] epoch   6/25  train=0.0240  per_block(train)=[0.0006 0.0018 0.0041 0.0066 0.0109]  (115.6s)
2026-07-19 07:50:41,013 | INFO | celeba_ood | [decoders] epoch   7/25  train=0.0236  per_block(train)=[0.0006 0.0017 0.0041 0.0065 0.0107]  (115.5s)
2026-07-19 07:52:36,539 | INFO | celeba_ood | [decoders] epoch   8/25  train=0.0234  per_block(train)=[0.0006 0.0017 0.0041 0.0065 0.0105]  (115.5s)
2026-07-19 07:54:32,006 | INFO | celeba_ood | [decoders] epoch   9/25  train=0.0232  per_block(train)=[0.0006 0.0017 0.0040 0.0064 0.0104]  (115.5s)
2026-07-19 07:56:27,513 | INFO | celeba_ood | [decoders] epoch  10/25  train=0.0230  per_block(train)=[0.0006 0.0017 0.0040 0.0064 0.0103]  (115.5s)
2026-07-19 07:58:22,994 | INFO | celeba_ood | [decoders] epoch  11/25  train=0.0228  per_block(train)=[0.0005 0.0017 0.0040 0.0064 0.0102]  (115.5s)
2026-07-19 08:00:18,481 | INFO | celeba_ood | [decoders] epoch  12/25  train=0.0226  per_block(train)=[0.0005 0.0017 0.0040 0.0063 0.0101]  (115.5s)
2026-07-19 08:02:13,958 | INFO | celeba_ood | [decoders] epoch  13/25  train=0.0225  per_block(train)=[0.0005 0.0017 0.0039 0.0063 0.0101]  (115.5s)
2026-07-19 08:04:09,490 | INFO | celeba_ood | [decoders] epoch  14/25  train=0.0224  per_block(train)=[0.0005 0.0017 0.0039 0.0063 0.0100]  (115.5s)
2026-07-19 08:06:04,979 | INFO | celeba_ood | [decoders] epoch  15/25  train=0.0223  per_block(train)=[0.0005 0.0017 0.0039 0.0063 0.0099]  (115.5s)
2026-07-19 08:08:00,476 | INFO | celeba_ood | [decoders] epoch  16/25  train=0.0222  per_block(train)=[0.0005 0.0017 0.0039 0.0062 0.0099]  (115.5s)
2026-07-19 08:09:56,052 | INFO | celeba_ood | [decoders] epoch  17/25  train=0.0222  per_block(train)=[0.0005 0.0017 0.0039 0.0062 0.0098]  (115.6s)
2026-07-19 08:11:51,563 | INFO | celeba_ood | [decoders] epoch  18/25  train=0.0221  per_block(train)=[0.0005 0.0017 0.0039 0.0062 0.0098]  (115.5s)
2026-07-19 08:13:47,032 | INFO | celeba_ood | [decoders] epoch  19/25  train=0.0220  per_block(train)=[0.0005 0.0017 0.0039 0.0062 0.0098]  (115.5s)
2026-07-19 08:15:42,492 | INFO | celeba_ood | [decoders] epoch  20/25  train=0.0219  per_block(train)=[0.0005 0.0017 0.0039 0.0062 0.0097]  (115.5s)
2026-07-19 08:17:37,952 | INFO | celeba_ood | [decoders] epoch  21/25  train=0.0219  per_block(train)=[0.0005 0.0017 0.0039 0.0062 0.0097]  (115.5s)
2026-07-19 08:19:33,418 | INFO | celeba_ood | [decoders] epoch  22/25  train=0.0219  per_block(train)=[0.0005 0.0017 0.0039 0.0062 0.0097]  (115.5s)
2026-07-19 08:21:28,855 | INFO | celeba_ood | [decoders] epoch  23/25  train=0.0218  per_block(train)=[0.0005 0.0017 0.0039 0.0061 0.0096]  (115.4s)
2026-07-19 08:23:24,321 | INFO | celeba_ood | [decoders] epoch  24/25  train=0.0217  per_block(train)=[0.0005 0.0016 0.0038 0.0061 0.0096]  (115.5s)
2026-07-19 08:25:19,791 | INFO | celeba_ood | [decoders] epoch  25/25  train=0.0217  per_block(train)=[0.0005 0.0016 0.0038 0.0061 0.0096]  (115.5s)
2026-07-19 08:25:19,792 | INFO | celeba_ood | Decoder training done in 2887.7s
2026-07-19 08:25:19,828 | INFO | celeba_ood | ======================================================================
2026-07-19 08:25:19,828 | INFO | celeba_ood | EVALUATION — per-attribute accuracy + OOD AUROC
2026-07-19 08:25:19,828 | INFO | celeba_ood | ======================================================================
2026-07-19 08:25:19,828 | INFO | celeba_ood | Collecting predictions on test_in...
2026-07-19 08:25:25,332 | INFO | celeba_ood |   test_in size = 18941, OOD score (combined entropy) mean = 0.2429
2026-07-19 08:25:25,332 | INFO | celeba_ood | Collecting predictions on test_ood (Eyeglasses)...
2026-07-19 08:25:29,755 | INFO | celeba_ood |   test_ood size = 13193, OOD score (combined entropy) mean = 0.3311
2026-07-19 08:25:29,799 | INFO | celeba_ood | Per-attribute accuracy (in-distribution test set):
2026-07-19 08:25:29,800 | INFO | celeba_ood |   Male/Female : 98.22%
2026-07-19 08:25:29,800 | INFO | celeba_ood |   Arched_Eyebrows       : 83.32%
2026-07-19 08:25:29,800 | INFO | celeba_ood |   Bushy_Eyebrows        : 91.14%
2026-07-19 08:25:29,800 | INFO | celeba_ood |   Narrow_Eyes           : 90.48%
2026-07-19 08:25:29,800 | INFO | celeba_ood |   Bags_Under_Eyes       : 82.45%
2026-07-19 08:25:29,800 | INFO | celeba_ood |   Smiling               : 85.29%
2026-07-19 08:25:29,800 | INFO | celeba_ood |   Young                 : 87.34%
2026-07-19 08:25:29,800 | INFO | celeba_ood | OOD AUROC (in-dist vs Eyeglasses):
2026-07-19 08:25:29,800 | INFO | celeba_ood |   score_msp                AUROC = 0.7609  (in_mean=0.011, ood_mean=0.040)
2026-07-19 08:25:29,800 | INFO | celeba_ood |   score_entropy_gender     AUROC = 0.7632  (in_mean=0.028, ood_mean=0.097)
2026-07-19 08:25:29,800 | INFO | celeba_ood |   score_entropy_attrs      AUROC = 0.5645  (in_mean=0.215, ood_mean=0.234)
2026-07-19 08:25:29,800 | INFO | celeba_ood |   score_entropy_combined   AUROC = 0.6520  (in_mean=0.243, ood_mean=0.331)
2026-07-19 08:26:45,146 | INFO | celeba_ood | Fusion-based AUROC (max-pixel) = 0.6163  (in_mean=1.0120, ood_mean=1.1630)
2026-07-19 08:26:45,146 | INFO | celeba_ood | Wrote per-block plots: per_block_breakdown.png, recons_only.png, activations.png, fusion_overlay.png, fusion_auroc.png
2026-07-19 08:26:45,147 | INFO | celeba_ood | Summary written to outputs/celeba_ood/cp128_20260719_060210_6782570/model_1/summary.json
2026-07-19 08:26:45,150 | INFO | celeba_ood | model 2/8 done in 4094.1s
2026-07-19 08:26:45,159 | INFO | celeba_ood | ######################################################################
2026-07-19 08:26:45,159 | INFO | celeba_ood | # MODEL 3/8   (seed=44, channels=[48, 96, 192, 256, 256], kernel=3)
2026-07-19 08:26:45,159 | INFO | celeba_ood | ######################################################################
2026-07-19 08:26:45,199 | INFO | celeba_ood | Model        : FacialCNN  (1,245,114 params)
2026-07-19 08:26:45,199 | INFO | celeba_ood | ======================================================================
2026-07-19 08:26:45,199 | INFO | celeba_ood | TRAINING — combined CE(gender) + BCE(attrs) loss
2026-07-19 08:26:45,199 | INFO | celeba_ood | ======================================================================
2026-07-19 08:26:45,199 | INFO | celeba_ood | CutPaste pretext on: {'prob': 0.5, 'area_range': (0.05, 0.15), 'aspect_range': (0.3, 3.3), 'scar_prob': 0.0}  loss_weight=0.5
2026-07-19 08:26:45,199 | INFO | celeba_ood | No validation set — running the full 20-epoch schedule with no early stopping; final-epoch weights are kept.
2026-07-19 08:27:54,350 | INFO | celeba_ood | epoch   1/20  train_loss=0.9552  train_gender_acc=93.2%  train_attr_acc=[77.4 88.6 87.3 80.9 83.6 83.4]%  (69.2s)
2026-07-19 08:29:03,520 | INFO | celeba_ood | epoch   2/20  train_loss=0.6863  train_gender_acc=96.9%  train_attr_acc=[81.1 91.0 89.3 83.2 91.3 86.4]%  (69.2s)
2026-07-19 08:30:12,626 | INFO | celeba_ood | epoch   3/20  train_loss=0.6302  train_gender_acc=97.5%  train_attr_acc=[82.4 91.4 89.8 83.9 92.0 87.6]%  (69.1s)
2026-07-19 08:31:21,732 | INFO | celeba_ood | epoch   4/20  train_loss=0.6008  train_gender_acc=97.8%  train_attr_acc=[83.5 91.5 90.2 84.1 92.4 88.2]%  (69.1s)
2026-07-19 08:32:31,045 | INFO | celeba_ood | epoch   5/20  train_loss=0.5819  train_gender_acc=98.1%  train_attr_acc=[83.9 91.7 90.0 84.4 92.7 88.8]%  (69.3s)
2026-07-19 08:33:40,423 | INFO | celeba_ood | epoch   6/20  train_loss=0.5656  train_gender_acc=98.3%  train_attr_acc=[84.0 92.0 90.1 84.8 92.8 89.1]%  (69.4s)
2026-07-19 08:34:49,558 | INFO | celeba_ood | epoch   7/20  train_loss=0.5543  train_gender_acc=98.5%  train_attr_acc=[84.3 92.1 90.2 84.8 93.0 89.4]%  (69.1s)
2026-07-19 08:35:58,577 | INFO | celeba_ood | epoch   8/20  train_loss=0.5413  train_gender_acc=98.6%  train_attr_acc=[84.5 92.2 90.5 85.2 93.3 89.3]%  (69.0s)
2026-07-19 08:37:07,651 | INFO | celeba_ood | epoch   9/20  train_loss=0.5292  train_gender_acc=98.8%  train_attr_acc=[84.9 92.3 90.4 85.4 93.4 89.7]%  (69.1s)
2026-07-19 08:38:16,629 | INFO | celeba_ood | epoch  10/20  train_loss=0.5192  train_gender_acc=98.8%  train_attr_acc=[85.0 92.4 90.5 85.4 93.6 89.9]%  (69.0s)
2026-07-19 08:39:25,525 | INFO | celeba_ood | epoch  11/20  train_loss=0.5088  train_gender_acc=99.0%  train_attr_acc=[85.4 92.5 90.6 85.6 93.6 90.1]%  (68.9s)
2026-07-19 08:40:34,435 | INFO | celeba_ood | epoch  12/20  train_loss=0.4996  train_gender_acc=99.1%  train_attr_acc=[85.5 92.5 90.6 85.9 93.8 90.5]%  (68.9s)
2026-07-19 08:41:43,387 | INFO | celeba_ood | epoch  13/20  train_loss=0.4864  train_gender_acc=99.2%  train_attr_acc=[85.8 92.7 90.9 86.1 94.1 90.7]%  (69.0s)
2026-07-19 08:42:52,371 | INFO | celeba_ood | epoch  14/20  train_loss=0.4783  train_gender_acc=99.2%  train_attr_acc=[85.9 92.8 91.0 86.4 94.2 91.0]%  (69.0s)
2026-07-19 08:44:01,223 | INFO | celeba_ood | epoch  15/20  train_loss=0.4662  train_gender_acc=99.4%  train_attr_acc=[86.3 93.0 91.1 86.4 94.4 91.3]%  (68.9s)
2026-07-19 08:45:10,269 | INFO | celeba_ood | epoch  16/20  train_loss=0.4595  train_gender_acc=99.4%  train_attr_acc=[86.5 93.2 91.2 86.6 94.5 91.4]%  (69.0s)
2026-07-19 08:46:19,212 | INFO | celeba_ood | epoch  17/20  train_loss=0.4461  train_gender_acc=99.5%  train_attr_acc=[86.8 93.3 91.2 87.1 94.8 91.8]%  (68.9s)
2026-07-19 08:47:28,125 | INFO | celeba_ood | epoch  18/20  train_loss=0.4365  train_gender_acc=99.5%  train_attr_acc=[87.1 93.5 91.3 87.2 94.7 92.1]%  (68.9s)
2026-07-19 08:48:37,241 | INFO | celeba_ood | epoch  19/20  train_loss=0.4249  train_gender_acc=99.6%  train_attr_acc=[87.4 93.6 91.5 87.6 95.1 92.3]%  (69.1s)
2026-07-19 08:49:46,324 | INFO | celeba_ood | epoch  20/20  train_loss=0.4132  train_gender_acc=99.6%  train_attr_acc=[87.7 93.7 91.6 87.8 95.3 92.8]%  (69.1s)
2026-07-19 08:49:46,326 | INFO | celeba_ood | Training done in 1381.1s
2026-07-19 08:49:46,483 | INFO | celeba_ood | ======================================================================
2026-07-19 08:49:46,483 | INFO | celeba_ood | PHASE 2 — training per-block reconstruction decoders
2026-07-19 08:49:46,483 | INFO | celeba_ood | ======================================================================
2026-07-19 08:49:46,483 | INFO | celeba_ood |   decoder L0: in=(C=48, H=64) → out=(3, 128, 128)  params=18,555
2026-07-19 08:49:46,483 | INFO | celeba_ood |   decoder L1: in=(C=96, H=32) → out=(3, 128, 128)  params=92,379
2026-07-19 08:49:46,483 | INFO | celeba_ood |   decoder L2: in=(C=192, H=16) → out=(3, 128, 128)  params=387,483
2026-07-19 08:49:46,483 | INFO | celeba_ood |   decoder L3: in=(C=256, H=8) → out=(3, 128, 128)  params=696,851
2026-07-19 08:49:46,483 | INFO | celeba_ood |   decoder L4: in=(C=256, H=8) → out=(3, 128, 128)  params=696,851
2026-07-19 08:52:02,857 | INFO | celeba_ood | [decoders] epoch   1/25  train=0.0470  per_block(train)=[0.0025 0.0034 0.0059 0.0105 0.0247]  (136.4s)
2026-07-19 08:54:19,149 | INFO | celeba_ood | [decoders] epoch   2/25  train=0.0293  per_block(train)=[0.0006 0.0013 0.0030 0.0067 0.0177]  (136.3s)
2026-07-19 08:56:35,469 | INFO | celeba_ood | [decoders] epoch   3/25  train=0.0272  per_block(train)=[0.0005 0.0012 0.0028 0.0063 0.0163]  (136.3s)
2026-07-19 08:58:51,790 | INFO | celeba_ood | [decoders] epoch   4/25  train=0.0260  per_block(train)=[0.0005 0.0012 0.0027 0.0061 0.0156]  (136.3s)
2026-07-19 09:01:08,113 | INFO | celeba_ood | [decoders] epoch   5/25  train=0.0253  per_block(train)=[0.0005 0.0012 0.0026 0.0059 0.0151]  (136.3s)
2026-07-19 09:03:24,408 | INFO | celeba_ood | [decoders] epoch   6/25  train=0.0247  per_block(train)=[0.0004 0.0011 0.0026 0.0058 0.0147]  (136.3s)
2026-07-19 09:05:40,720 | INFO | celeba_ood | [decoders] epoch   7/25  train=0.0243  per_block(train)=[0.0004 0.0011 0.0026 0.0058 0.0145]  (136.3s)
2026-07-19 09:07:57,030 | INFO | celeba_ood | [decoders] epoch   8/25  train=0.0240  per_block(train)=[0.0004 0.0011 0.0025 0.0057 0.0143]  (136.3s)
2026-07-19 09:10:13,345 | INFO | celeba_ood | [decoders] epoch   9/25  train=0.0237  per_block(train)=[0.0004 0.0011 0.0025 0.0056 0.0141]  (136.3s)
2026-07-19 09:12:29,648 | INFO | celeba_ood | [decoders] epoch  10/25  train=0.0235  per_block(train)=[0.0004 0.0011 0.0025 0.0056 0.0139]  (136.3s)
2026-07-19 09:14:45,977 | INFO | celeba_ood | [decoders] epoch  11/25  train=0.0233  per_block(train)=[0.0004 0.0011 0.0025 0.0056 0.0138]  (136.3s)
2026-07-19 09:17:02,356 | INFO | celeba_ood | [decoders] epoch  12/25  train=0.0231  per_block(train)=[0.0004 0.0011 0.0024 0.0055 0.0137]  (136.4s)
2026-07-19 09:19:18,759 | INFO | celeba_ood | [decoders] epoch  13/25  train=0.0230  per_block(train)=[0.0004 0.0011 0.0024 0.0055 0.0136]  (136.4s)
2026-07-19 09:21:35,076 | INFO | celeba_ood | [decoders] epoch  14/25  train=0.0229  per_block(train)=[0.0004 0.0010 0.0024 0.0055 0.0135]  (136.3s)
2026-07-19 09:23:51,389 | INFO | celeba_ood | [decoders] epoch  15/25  train=0.0227  per_block(train)=[0.0004 0.0010 0.0024 0.0054 0.0134]  (136.3s)
2026-07-19 09:26:07,700 | INFO | celeba_ood | [decoders] epoch  16/25  train=0.0226  per_block(train)=[0.0004 0.0010 0.0024 0.0054 0.0134]  (136.3s)
2026-07-19 09:28:24,058 | INFO | celeba_ood | [decoders] epoch  17/25  train=0.0225  per_block(train)=[0.0004 0.0010 0.0024 0.0054 0.0133]  (136.4s)
2026-07-19 09:30:40,366 | INFO | celeba_ood | [decoders] epoch  18/25  train=0.0224  per_block(train)=[0.0004 0.0010 0.0024 0.0054 0.0133]  (136.3s)
2026-07-19 09:32:56,719 | INFO | celeba_ood | [decoders] epoch  19/25  train=0.0224  per_block(train)=[0.0004 0.0010 0.0024 0.0054 0.0132]  (136.4s)
2026-07-19 09:35:13,046 | INFO | celeba_ood | [decoders] epoch  20/25  train=0.0223  per_block(train)=[0.0004 0.0010 0.0024 0.0054 0.0132]  (136.3s)
2026-07-19 09:37:29,389 | INFO | celeba_ood | [decoders] epoch  21/25  train=0.0222  per_block(train)=[0.0004 0.0010 0.0024 0.0053 0.0131]  (136.3s)
2026-07-19 09:39:45,732 | INFO | celeba_ood | [decoders] epoch  22/25  train=0.0221  per_block(train)=[0.0004 0.0010 0.0023 0.0053 0.0131]  (136.3s)
2026-07-19 09:42:02,072 | INFO | celeba_ood | [decoders] epoch  23/25  train=0.0221  per_block(train)=[0.0004 0.0010 0.0023 0.0053 0.0131]  (136.3s)
2026-07-19 09:44:18,405 | INFO | celeba_ood | [decoders] epoch  24/25  train=0.0220  per_block(train)=[0.0004 0.0010 0.0023 0.0053 0.0131]  (136.3s)
2026-07-19 09:46:34,733 | INFO | celeba_ood | [decoders] epoch  25/25  train=0.0220  per_block(train)=[0.0003 0.0010 0.0023 0.0053 0.0130]  (136.3s)
2026-07-19 09:46:34,742 | INFO | celeba_ood | Decoder training done in 3408.3s
2026-07-19 09:46:34,996 | INFO | celeba_ood | ======================================================================
2026-07-19 09:46:34,996 | INFO | celeba_ood | EVALUATION — per-attribute accuracy + OOD AUROC
2026-07-19 09:46:34,997 | INFO | celeba_ood | ======================================================================
2026-07-19 09:46:34,997 | INFO | celeba_ood | Collecting predictions on test_in...
2026-07-19 09:46:40,614 | INFO | celeba_ood |   test_in size = 18941, OOD score (combined entropy) mean = 0.3006
2026-07-19 09:46:40,614 | INFO | celeba_ood | Collecting predictions on test_ood (Eyeglasses)...
2026-07-19 09:46:45,155 | INFO | celeba_ood |   test_ood size = 13193, OOD score (combined entropy) mean = 0.3451
2026-07-19 09:46:45,200 | INFO | celeba_ood | Per-attribute accuracy (in-distribution test set):
2026-07-19 09:46:45,200 | INFO | celeba_ood |   Male/Female : 98.46%
2026-07-19 09:46:45,200 | INFO | celeba_ood |   Arched_Eyebrows       : 82.23%
2026-07-19 09:46:45,200 | INFO | celeba_ood |   Bushy_Eyebrows        : 90.01%
2026-07-19 09:46:45,200 | INFO | celeba_ood |   Narrow_Eyes           : 84.46%
2026-07-19 09:46:45,200 | INFO | celeba_ood |   Bags_Under_Eyes       : 68.88%
2026-07-19 09:46:45,200 | INFO | celeba_ood |   Smiling               : 92.11%
2026-07-19 09:46:45,200 | INFO | celeba_ood |   Young                 : 41.94%
2026-07-19 09:46:45,200 | INFO | celeba_ood | OOD AUROC (in-dist vs Eyeglasses):
2026-07-19 09:46:45,200 | INFO | celeba_ood |   score_msp                AUROC = 0.7710  (in_mean=0.009, ood_mean=0.029)
2026-07-19 09:46:45,200 | INFO | celeba_ood |   score_entropy_gender     AUROC = 0.7777  (in_mean=0.021, ood_mean=0.072)
2026-07-19 09:46:45,200 | INFO | celeba_ood |   score_entropy_attrs      AUROC = 0.4809  (in_mean=0.280, ood_mean=0.273)
2026-07-19 09:46:45,200 | INFO | celeba_ood |   score_entropy_combined   AUROC = 0.5473  (in_mean=0.301, ood_mean=0.345)
2026-07-19 09:48:00,797 | INFO | celeba_ood | Fusion-based AUROC (max-pixel) = 0.6126  (in_mean=1.1063, ood_mean=1.2551)
2026-07-19 09:48:00,797 | INFO | celeba_ood | Wrote per-block plots: per_block_breakdown.png, recons_only.png, activations.png, fusion_overlay.png, fusion_auroc.png
2026-07-19 09:48:00,798 | INFO | celeba_ood | Summary written to outputs/celeba_ood/cp128_20260719_060210_6782570/model_2/summary.json
2026-07-19 09:48:00,803 | INFO | celeba_ood | model 3/8 done in 4875.6s
2026-07-19 09:48:00,811 | INFO | celeba_ood | ######################################################################
2026-07-19 09:48:00,811 | INFO | celeba_ood | # MODEL 4/8   (seed=45, channels=[16, 48, 96, 192, 320], kernel=5)
2026-07-19 09:48:00,811 | INFO | celeba_ood | ######################################################################
2026-07-19 09:48:00,857 | INFO | celeba_ood | Model        : FacialCNN  (2,136,954 params)
2026-07-19 09:48:00,858 | INFO | celeba_ood | ======================================================================
2026-07-19 09:48:00,858 | INFO | celeba_ood | TRAINING — combined CE(gender) + BCE(attrs) loss
2026-07-19 09:48:00,858 | INFO | celeba_ood | ======================================================================
2026-07-19 09:48:00,858 | INFO | celeba_ood | CutPaste pretext on: {'prob': 0.5, 'area_range': (0.05, 0.15), 'aspect_range': (0.3, 3.3), 'scar_prob': 0.0}  loss_weight=0.5
2026-07-19 09:48:00,858 | INFO | celeba_ood | No validation set — running the full 20-epoch schedule with no early stopping; final-epoch weights are kept.
2026-07-19 09:49:02,196 | INFO | celeba_ood | epoch   1/20  train_loss=0.9201  train_gender_acc=94.0%  train_attr_acc=[77.4 89.2 88.0 81.2 86.8 83.7]%  (61.3s)
2026-07-19 09:50:03,474 | INFO | celeba_ood | epoch   2/20  train_loss=0.6888  train_gender_acc=96.9%  train_attr_acc=[81.3 91.0 88.9 83.1 91.5 86.6]%  (61.3s)
2026-07-19 09:51:04,234 | INFO | celeba_ood | epoch   3/20  train_loss=0.6346  train_gender_acc=97.6%  train_attr_acc=[82.6 91.3 89.4 83.5 91.9 87.8]%  (60.8s)
2026-07-19 09:52:05,117 | INFO | celeba_ood | epoch   4/20  train_loss=0.6084  train_gender_acc=97.9%  train_attr_acc=[83.0 91.5 89.8 84.0 92.4 88.3]%  (60.9s)
2026-07-19 09:53:06,322 | INFO | celeba_ood | epoch   5/20  train_loss=0.5888  train_gender_acc=98.1%  train_attr_acc=[83.7 91.8 90.0 84.3 92.7 88.4]%  (61.2s)
2026-07-19 09:54:07,230 | INFO | celeba_ood | epoch   6/20  train_loss=0.5690  train_gender_acc=98.5%  train_attr_acc=[83.9 91.8 89.9 84.6 92.8 89.0]%  (60.9s)
2026-07-19 09:55:08,235 | INFO | celeba_ood | epoch   7/20  train_loss=0.5557  train_gender_acc=98.5%  train_attr_acc=[84.1 92.1 90.2 84.8 93.0 89.2]%  (61.0s)
2026-07-19 09:56:09,269 | INFO | celeba_ood | epoch   8/20  train_loss=0.5400  train_gender_acc=98.7%  train_attr_acc=[84.5 92.2 90.3 85.2 93.3 89.5]%  (61.0s)
2026-07-19 09:57:10,210 | INFO | celeba_ood | epoch   9/20  train_loss=0.5284  train_gender_acc=98.8%  train_attr_acc=[84.7 92.3 90.3 85.3 93.4 89.8]%  (60.9s)
2026-07-19 09:58:11,008 | INFO | celeba_ood | epoch  10/20  train_loss=0.5125  train_gender_acc=99.0%  train_attr_acc=[85.1 92.6 90.5 85.6 93.5 90.2]%  (60.8s)
2026-07-19 09:59:11,908 | INFO | celeba_ood | epoch  11/20  train_loss=0.4999  train_gender_acc=99.1%  train_attr_acc=[85.3 92.7 90.8 86.0 93.7 90.5]%  (60.9s)
2026-07-19 10:00:13,005 | INFO | celeba_ood | epoch  12/20  train_loss=0.4884  train_gender_acc=99.2%  train_attr_acc=[85.6 92.8 90.8 86.0 93.9 90.8]%  (61.1s)
2026-07-19 10:01:13,952 | INFO | celeba_ood | epoch  13/20  train_loss=0.4757  train_gender_acc=99.3%  train_attr_acc=[85.8 92.9 91.1 86.5 94.2 91.0]%  (60.9s)
2026-07-19 10:02:15,107 | INFO | celeba_ood | epoch  14/20  train_loss=0.4618  train_gender_acc=99.4%  train_attr_acc=[86.1 93.1 91.2 86.7 94.3 91.4]%  (61.2s)
2026-07-19 10:03:16,766 | INFO | celeba_ood | epoch  15/20  train_loss=0.4472  train_gender_acc=99.5%  train_attr_acc=[86.7 93.2 91.3 87.0 94.6 91.8]%  (61.7s)
2026-07-19 10:04:18,040 | INFO | celeba_ood | epoch  16/20  train_loss=0.4359  train_gender_acc=99.6%  train_attr_acc=[87.0 93.4 91.6 87.3 94.8 92.0]%  (61.3s)
2026-07-19 10:05:18,838 | INFO | celeba_ood | epoch  17/20  train_loss=0.4213  train_gender_acc=99.6%  train_attr_acc=[87.3 93.6 91.9 87.8 95.0 92.4]%  (60.8s)
2026-07-19 10:06:19,771 | INFO | celeba_ood | epoch  18/20  train_loss=0.4062  train_gender_acc=99.6%  train_attr_acc=[87.8 93.8 92.1 88.4 95.3 92.9]%  (60.9s)
2026-07-19 10:07:20,853 | INFO | celeba_ood | epoch  19/20  train_loss=0.3902  train_gender_acc=99.7%  train_attr_acc=[88.4 94.2 92.3 88.8 95.4 93.2]%  (61.1s)
2026-07-19 10:08:21,702 | INFO | celeba_ood | epoch  20/20  train_loss=0.3788  train_gender_acc=99.7%  train_attr_acc=[88.5 94.4 92.5 89.2 95.7 93.6]%  (60.8s)
2026-07-19 10:08:21,703 | INFO | celeba_ood | Training done in 1220.8s
2026-07-19 10:08:21,878 | INFO | celeba_ood | ======================================================================
2026-07-19 10:08:21,878 | INFO | celeba_ood | PHASE 2 — training per-block reconstruction decoders
2026-07-19 10:08:21,878 | INFO | celeba_ood | ======================================================================
2026-07-19 10:08:21,878 | INFO | celeba_ood |   decoder L0: in=(C=16, H=64) → out=(3, 128, 128)  params=4,179
2026-07-19 10:08:21,878 | INFO | celeba_ood |   decoder L1: in=(C=48, H=32) → out=(3, 128, 128)  params=24,707
2026-07-19 10:08:21,878 | INFO | celeba_ood |   decoder L2: in=(C=96, H=16) → out=(3, 128, 128)  params=98,531
2026-07-19 10:08:21,878 | INFO | celeba_ood |   decoder L3: in=(C=192, H=8) → out=(3, 128, 128)  params=393,635
2026-07-19 10:08:21,878 | INFO | celeba_ood |   decoder L4: in=(C=320, H=8) → out=(3, 128, 128)  params=1,088,663
2026-07-19 10:10:22,558 | INFO | celeba_ood | [decoders] epoch   1/25  train=0.0677  per_block(train)=[0.0064 0.0070 0.0117 0.0147 0.0278]  (120.7s)
2026-07-19 10:12:23,198 | INFO | celeba_ood | [decoders] epoch   2/25  train=0.0436  per_block(train)=[0.0023 0.0041 0.0071 0.0103 0.0197]  (120.6s)
2026-07-19 10:14:23,814 | INFO | celeba_ood | [decoders] epoch   3/25  train=0.0412  per_block(train)=[0.0022 0.0040 0.0069 0.0098 0.0183]  (120.6s)
2026-07-19 10:16:24,431 | INFO | celeba_ood | [decoders] epoch   4/25  train=0.0400  per_block(train)=[0.0022 0.0039 0.0068 0.0096 0.0176]  (120.6s)
2026-07-19 10:18:25,040 | INFO | celeba_ood | [decoders] epoch   5/25  train=0.0391  per_block(train)=[0.0022 0.0039 0.0067 0.0094 0.0170]  (120.6s)
2026-07-19 10:20:25,676 | INFO | celeba_ood | [decoders] epoch   6/25  train=0.0384  per_block(train)=[0.0021 0.0038 0.0066 0.0093 0.0166]  (120.6s)
2026-07-19 10:22:26,298 | INFO | celeba_ood | [decoders] epoch   7/25  train=0.0380  per_block(train)=[0.0021 0.0038 0.0066 0.0092 0.0164]  (120.6s)
2026-07-19 10:24:26,903 | INFO | celeba_ood | [decoders] epoch   8/25  train=0.0377  per_block(train)=[0.0021 0.0038 0.0066 0.0091 0.0161]  (120.6s)
2026-07-19 10:26:27,492 | INFO | celeba_ood | [decoders] epoch   9/25  train=0.0374  per_block(train)=[0.0021 0.0038 0.0065 0.0090 0.0159]  (120.6s)
2026-07-19 10:28:28,086 | INFO | celeba_ood | [decoders] epoch  10/25  train=0.0371  per_block(train)=[0.0021 0.0037 0.0065 0.0090 0.0158]  (120.6s)
2026-07-19 10:30:28,739 | INFO | celeba_ood | [decoders] epoch  11/25  train=0.0369  per_block(train)=[0.0021 0.0037 0.0065 0.0089 0.0156]  (120.7s)
2026-07-19 10:32:29,336 | INFO | celeba_ood | [decoders] epoch  12/25  train=0.0366  per_block(train)=[0.0021 0.0037 0.0065 0.0089 0.0155]  (120.6s)
2026-07-19 10:34:29,898 | INFO | celeba_ood | [decoders] epoch  13/25  train=0.0365  per_block(train)=[0.0021 0.0037 0.0064 0.0089 0.0154]  (120.6s)
2026-07-19 10:36:30,472 | INFO | celeba_ood | [decoders] epoch  14/25  train=0.0363  per_block(train)=[0.0020 0.0037 0.0064 0.0088 0.0153]  (120.6s)
2026-07-19 10:38:31,097 | INFO | celeba_ood | [decoders] epoch  15/25  train=0.0361  per_block(train)=[0.0020 0.0037 0.0064 0.0088 0.0152]  (120.6s)
2026-07-19 10:40:31,804 | INFO | celeba_ood | [decoders] epoch  16/25  train=0.0361  per_block(train)=[0.0020 0.0037 0.0064 0.0088 0.0151]  (120.7s)
2026-07-19 10:42:32,459 | INFO | celeba_ood | [decoders] epoch  17/25  train=0.0359  per_block(train)=[0.0020 0.0037 0.0064 0.0088 0.0150]  (120.7s)
2026-07-19 10:44:33,101 | INFO | celeba_ood | [decoders] epoch  18/25  train=0.0358  per_block(train)=[0.0020 0.0037 0.0064 0.0087 0.0150]  (120.6s)
2026-07-19 10:46:33,684 | INFO | celeba_ood | [decoders] epoch  19/25  train=0.0357  per_block(train)=[0.0020 0.0037 0.0064 0.0087 0.0149]  (120.6s)
2026-07-19 10:48:34,295 | INFO | celeba_ood | [decoders] epoch  20/25  train=0.0355  per_block(train)=[0.0020 0.0037 0.0064 0.0087 0.0148]  (120.6s)
2026-07-19 10:50:34,851 | INFO | celeba_ood | [decoders] epoch  21/25  train=0.0355  per_block(train)=[0.0020 0.0037 0.0064 0.0087 0.0148]  (120.6s)
2026-07-19 10:52:35,344 | INFO | celeba_ood | [decoders] epoch  22/25  train=0.0355  per_block(train)=[0.0020 0.0037 0.0064 0.0087 0.0148]  (120.5s)
2026-07-19 10:54:35,847 | INFO | celeba_ood | [decoders] epoch  23/25  train=0.0354  per_block(train)=[0.0020 0.0037 0.0063 0.0086 0.0147]  (120.5s)
2026-07-19 10:56:36,356 | INFO | celeba_ood | [decoders] epoch  24/25  train=0.0353  per_block(train)=[0.0020 0.0037 0.0063 0.0086 0.0147]  (120.5s)
2026-07-19 10:58:36,874 | INFO | celeba_ood | [decoders] epoch  25/25  train=0.0353  per_block(train)=[0.0020 0.0037 0.0063 0.0086 0.0146]  (120.5s)
2026-07-19 10:58:36,874 | INFO | celeba_ood | Decoder training done in 3015.0s
2026-07-19 10:58:36,907 | INFO | celeba_ood | ======================================================================
2026-07-19 10:58:36,907 | INFO | celeba_ood | EVALUATION — per-attribute accuracy + OOD AUROC
2026-07-19 10:58:36,907 | INFO | celeba_ood | ======================================================================
2026-07-19 10:58:36,907 | INFO | celeba_ood | Collecting predictions on test_in...
2026-07-19 10:58:42,339 | INFO | celeba_ood |   test_in size = 18941, OOD score (combined entropy) mean = 0.1923
2026-07-19 10:58:42,339 | INFO | celeba_ood | Collecting predictions on test_ood (Eyeglasses)...
2026-07-19 10:58:46,786 | INFO | celeba_ood |   test_ood size = 13193, OOD score (combined entropy) mean = 0.2678
2026-07-19 10:58:46,830 | INFO | celeba_ood | Per-attribute accuracy (in-distribution test set):
2026-07-19 10:58:46,831 | INFO | celeba_ood |   Male/Female : 97.86%
2026-07-19 10:58:46,831 | INFO | celeba_ood |   Arched_Eyebrows       : 81.75%
2026-07-19 10:58:46,831 | INFO | celeba_ood |   Bushy_Eyebrows        : 91.03%
2026-07-19 10:58:46,831 | INFO | celeba_ood |   Narrow_Eyes           : 89.23%
2026-07-19 10:58:46,831 | INFO | celeba_ood |   Bags_Under_Eyes       : 73.48%
2026-07-19 10:58:46,831 | INFO | celeba_ood |   Smiling               : 91.50%
2026-07-19 10:58:46,831 | INFO | celeba_ood |   Young                 : 87.88%
2026-07-19 10:58:46,831 | INFO | celeba_ood | OOD AUROC (in-dist vs Eyeglasses):
2026-07-19 10:58:46,831 | INFO | celeba_ood |   score_msp                AUROC = 0.7990  (in_mean=0.008, ood_mean=0.039)
2026-07-19 10:58:46,831 | INFO | celeba_ood |   score_entropy_gender     AUROC = 0.8111  (in_mean=0.019, ood_mean=0.092)
2026-07-19 10:58:46,831 | INFO | celeba_ood |   score_entropy_attrs      AUROC = 0.5102  (in_mean=0.173, ood_mean=0.176)
2026-07-19 10:58:46,831 | INFO | celeba_ood |   score_entropy_combined   AUROC = 0.6037  (in_mean=0.192, ood_mean=0.268)
2026-07-19 11:00:06,165 | INFO | celeba_ood | Fusion-based AUROC (max-pixel) = 0.6092  (in_mean=1.1382, ood_mean=1.2837)
2026-07-19 11:00:06,165 | INFO | celeba_ood | Wrote per-block plots: per_block_breakdown.png, recons_only.png, activations.png, fusion_overlay.png, fusion_auroc.png
2026-07-19 11:00:06,166 | INFO | celeba_ood | Summary written to outputs/celeba_ood/cp128_20260719_060210_6782570/model_3/summary.json
2026-07-19 11:00:06,170 | INFO | celeba_ood | model 4/8 done in 4325.4s
2026-07-19 11:00:06,179 | INFO | celeba_ood | ######################################################################
2026-07-19 11:00:06,179 | INFO | celeba_ood | # MODEL 5/8   (seed=46, channels=[40, 80, 160, 320, 320], kernel=3)
2026-07-19 11:00:06,179 | INFO | celeba_ood | ######################################################################
2026-07-19 11:00:06,220 | INFO | celeba_ood | Model        : FacialCNN  (1,532,530 params)
2026-07-19 11:00:06,220 | INFO | celeba_ood | ======================================================================
2026-07-19 11:00:06,220 | INFO | celeba_ood | TRAINING — combined CE(gender) + BCE(attrs) loss
2026-07-19 11:00:06,220 | INFO | celeba_ood | ======================================================================
2026-07-19 11:00:06,220 | INFO | celeba_ood | CutPaste pretext on: {'prob': 0.5, 'area_range': (0.05, 0.15), 'aspect_range': (0.3, 3.3), 'scar_prob': 0.0}  loss_weight=0.5
2026-07-19 11:00:06,220 | INFO | celeba_ood | No validation set — running the full 20-epoch schedule with no early stopping; final-epoch weights are kept.
2026-07-19 11:01:09,708 | INFO | celeba_ood | epoch   1/20  train_loss=0.9583  train_gender_acc=93.1%  train_attr_acc=[77.1 88.4 87.9 81.0 84.1 83.1]%  (63.5s)
2026-07-19 11:02:12,632 | INFO | celeba_ood | epoch   2/20  train_loss=0.6938  train_gender_acc=96.7%  train_attr_acc=[81.0 90.9 89.3 82.9 91.2 86.4]%  (62.9s)
2026-07-19 11:03:15,713 | INFO | celeba_ood | epoch   3/20  train_loss=0.6347  train_gender_acc=97.4%  train_attr_acc=[82.2 91.2 89.6 83.8 92.0 87.7]%  (63.1s)
2026-07-19 11:04:19,216 | INFO | celeba_ood | epoch   4/20  train_loss=0.6047  train_gender_acc=97.8%  train_attr_acc=[83.2 91.6 90.0 84.3 92.4 88.3]%  (63.5s)
2026-07-19 11:05:22,715 | INFO | celeba_ood | epoch   5/20  train_loss=0.5845  train_gender_acc=98.0%  train_attr_acc=[83.7 91.8 90.1 84.3 92.7 88.6]%  (63.5s)
2026-07-19 11:06:25,980 | INFO | celeba_ood | epoch   6/20  train_loss=0.5685  train_gender_acc=98.2%  train_attr_acc=[84.0 91.9 90.1 84.8 92.8 89.1]%  (63.3s)
2026-07-19 11:07:29,554 | INFO | celeba_ood | epoch   7/20  train_loss=0.5533  train_gender_acc=98.5%  train_attr_acc=[84.4 92.0 90.3 85.0 93.0 89.3]%  (63.6s)
2026-07-19 11:08:33,209 | INFO | celeba_ood | epoch   8/20  train_loss=0.5407  train_gender_acc=98.6%  train_attr_acc=[84.5 92.1 90.3 85.2 93.2 89.6]%  (63.7s)
2026-07-19 11:09:36,571 | INFO | celeba_ood | epoch   9/20  train_loss=0.5292  train_gender_acc=98.7%  train_attr_acc=[84.9 92.3 90.5 85.4 93.5 89.7]%  (63.4s)
2026-07-19 11:10:40,055 | INFO | celeba_ood | epoch  10/20  train_loss=0.5190  train_gender_acc=98.8%  train_attr_acc=[84.8 92.4 90.4 85.7 93.6 90.1]%  (63.5s)
2026-07-19 11:11:43,919 | INFO | celeba_ood | epoch  11/20  train_loss=0.5092  train_gender_acc=98.9%  train_attr_acc=[85.1 92.6 90.6 85.9 93.6 90.4]%  (63.9s)
2026-07-19 11:12:47,251 | INFO | celeba_ood | epoch  12/20  train_loss=0.4963  train_gender_acc=99.1%  train_attr_acc=[85.8 92.6 90.8 85.9 93.8 90.5]%  (63.3s)
2026-07-19 11:13:50,663 | INFO | celeba_ood | epoch  13/20  train_loss=0.4895  train_gender_acc=99.1%  train_attr_acc=[85.6 92.8 90.8 86.1 94.0 90.8]%  (63.4s)
2026-07-19 11:14:54,043 | INFO | celeba_ood | epoch  14/20  train_loss=0.4765  train_gender_acc=99.2%  train_attr_acc=[86.0 92.8 90.9 86.5 94.2 90.9]%  (63.4s)
2026-07-19 11:15:57,302 | INFO | celeba_ood | epoch  15/20  train_loss=0.4689  train_gender_acc=99.3%  train_attr_acc=[86.2 93.0 90.9 86.5 94.3 91.2]%  (63.3s)
2026-07-19 11:17:00,746 | INFO | celeba_ood | epoch  16/20  train_loss=0.4514  train_gender_acc=99.4%  train_attr_acc=[86.7 93.2 91.1 86.8 94.7 91.8]%  (63.4s)
2026-07-19 11:18:04,105 | INFO | celeba_ood | epoch  17/20  train_loss=0.4415  train_gender_acc=99.5%  train_attr_acc=[87.0 93.4 91.2 87.4 94.6 92.0]%  (63.4s)
2026-07-19 11:19:07,695 | INFO | celeba_ood | epoch  18/20  train_loss=0.4317  train_gender_acc=99.5%  train_attr_acc=[87.2 93.5 91.4 87.5 94.9 92.2]%  (63.6s)
2026-07-19 11:20:11,184 | INFO | celeba_ood | epoch  19/20  train_loss=0.4207  train_gender_acc=99.6%  train_attr_acc=[87.5 93.8 91.6 87.7 95.0 92.6]%  (63.5s)
2026-07-19 11:21:14,658 | INFO | celeba_ood | epoch  20/20  train_loss=0.4100  train_gender_acc=99.6%  train_attr_acc=[87.8 93.9 91.7 88.1 95.3 92.7]%  (63.5s)
2026-07-19 11:21:14,659 | INFO | celeba_ood | Training done in 1268.4s
2026-07-19 11:21:14,836 | INFO | celeba_ood | ======================================================================
2026-07-19 11:21:14,836 | INFO | celeba_ood | PHASE 2 — training per-block reconstruction decoders
2026-07-19 11:21:14,836 | INFO | celeba_ood | ======================================================================
2026-07-19 11:21:14,836 | INFO | celeba_ood |   decoder L0: in=(C=40, H=64) → out=(3, 128, 128)  params=12,903
2026-07-19 11:21:14,836 | INFO | celeba_ood |   decoder L1: in=(C=80, H=32) → out=(3, 128, 128)  params=64,183
2026-07-19 11:21:14,836 | INFO | celeba_ood |   decoder L2: in=(C=160, H=16) → out=(3, 128, 128)  params=269,143
2026-07-19 11:21:14,836 | INFO | celeba_ood |   decoder L3: in=(C=320, H=8) → out=(3, 128, 128)  params=1,088,663
2026-07-19 11:21:14,836 | INFO | celeba_ood |   decoder L4: in=(C=320, H=8) → out=(3, 128, 128)  params=1,088,663
2026-07-19 11:23:44,099 | INFO | celeba_ood | [decoders] epoch   1/25  train=0.0410  per_block(train)=[0.0026 0.0037 0.0059 0.0091 0.0197]  (149.3s)
2026-07-19 11:26:13,297 | INFO | celeba_ood | [decoders] epoch   2/25  train=0.0255  per_block(train)=[0.0006 0.0016 0.0034 0.0060 0.0139]  (149.2s)
2026-07-19 11:28:42,510 | INFO | celeba_ood | [decoders] epoch   3/25  train=0.0237  per_block(train)=[0.0006 0.0015 0.0032 0.0056 0.0128]  (149.2s)
2026-07-19 11:31:11,748 | INFO | celeba_ood | [decoders] epoch   4/25  train=0.0227  per_block(train)=[0.0005 0.0014 0.0031 0.0054 0.0123]  (149.2s)
2026-07-19 11:33:40,968 | INFO | celeba_ood | [decoders] epoch   5/25  train=0.0221  per_block(train)=[0.0005 0.0014 0.0030 0.0053 0.0119]  (149.2s)
2026-07-19 11:36:10,140 | INFO | celeba_ood | [decoders] epoch   6/25  train=0.0216  per_block(train)=[0.0005 0.0014 0.0030 0.0052 0.0116]  (149.2s)
2026-07-19 11:38:39,288 | INFO | celeba_ood | [decoders] epoch   7/25  train=0.0212  per_block(train)=[0.0005 0.0013 0.0029 0.0051 0.0114]  (149.1s)
2026-07-19 11:41:08,549 | INFO | celeba_ood | [decoders] epoch   8/25  train=0.0209  per_block(train)=[0.0005 0.0013 0.0029 0.0050 0.0112]  (149.3s)
2026-07-19 11:43:37,730 | INFO | celeba_ood | [decoders] epoch   9/25  train=0.0207  per_block(train)=[0.0004 0.0013 0.0029 0.0050 0.0111]  (149.2s)
2026-07-19 11:46:06,853 | INFO | celeba_ood | [decoders] epoch  10/25  train=0.0204  per_block(train)=[0.0004 0.0013 0.0028 0.0049 0.0110]  (149.1s)
2026-07-19 11:48:36,018 | INFO | celeba_ood | [decoders] epoch  11/25  train=0.0202  per_block(train)=[0.0004 0.0013 0.0028 0.0049 0.0109]  (149.2s)
2026-07-19 11:51:05,146 | INFO | celeba_ood | [decoders] epoch  12/25  train=0.0201  per_block(train)=[0.0004 0.0013 0.0028 0.0048 0.0108]  (149.1s)
2026-07-19 11:53:34,258 | INFO | celeba_ood | [decoders] epoch  13/25  train=0.0200  per_block(train)=[0.0004 0.0012 0.0028 0.0048 0.0107]  (149.1s)
2026-07-19 11:56:03,435 | INFO | celeba_ood | [decoders] epoch  14/25  train=0.0199  per_block(train)=[0.0004 0.0012 0.0028 0.0048 0.0106]  (149.2s)
2026-07-19 11:58:32,640 | INFO | celeba_ood | [decoders] epoch  15/25  train=0.0197  per_block(train)=[0.0004 0.0012 0.0028 0.0048 0.0106]  (149.2s)
2026-07-19 12:01:01,884 | INFO | celeba_ood | [decoders] epoch  16/25  train=0.0197  per_block(train)=[0.0004 0.0012 0.0028 0.0047 0.0105]  (149.2s)
2026-07-19 12:03:31,118 | INFO | celeba_ood | [decoders] epoch  17/25  train=0.0196  per_block(train)=[0.0004 0.0012 0.0028 0.0047 0.0105]  (149.2s)
2026-07-19 12:06:00,273 | INFO | celeba_ood | [decoders] epoch  18/25  train=0.0195  per_block(train)=[0.0004 0.0012 0.0027 0.0047 0.0104]  (149.2s)
2026-07-19 12:08:29,462 | INFO | celeba_ood | [decoders] epoch  19/25  train=0.0194  per_block(train)=[0.0004 0.0012 0.0027 0.0047 0.0104]  (149.2s)
2026-07-19 12:10:58,586 | INFO | celeba_ood | [decoders] epoch  20/25  train=0.0194  per_block(train)=[0.0004 0.0012 0.0027 0.0047 0.0104]  (149.1s)
2026-07-19 12:13:27,716 | INFO | celeba_ood | [decoders] epoch  21/25  train=0.0193  per_block(train)=[0.0004 0.0012 0.0027 0.0047 0.0103]  (149.1s)
2026-07-19 12:15:56,914 | INFO | celeba_ood | [decoders] epoch  22/25  train=0.0192  per_block(train)=[0.0004 0.0012 0.0027 0.0047 0.0103]  (149.2s)
2026-07-19 12:18:26,137 | INFO | celeba_ood | [decoders] epoch  23/25  train=0.0192  per_block(train)=[0.0004 0.0012 0.0027 0.0046 0.0103]  (149.2s)
2026-07-19 12:20:55,347 | INFO | celeba_ood | [decoders] epoch  24/25  train=0.0191  per_block(train)=[0.0004 0.0012 0.0027 0.0046 0.0102]  (149.2s)
2026-07-19 12:23:24,574 | INFO | celeba_ood | [decoders] epoch  25/25  train=0.0191  per_block(train)=[0.0004 0.0012 0.0027 0.0046 0.0102]  (149.2s)
2026-07-19 12:23:24,575 | INFO | celeba_ood | Decoder training done in 3729.7s
2026-07-19 12:23:24,623 | INFO | celeba_ood | ======================================================================
2026-07-19 12:23:24,624 | INFO | celeba_ood | EVALUATION — per-attribute accuracy + OOD AUROC
2026-07-19 12:23:24,624 | INFO | celeba_ood | ======================================================================
2026-07-19 12:23:24,624 | INFO | celeba_ood | Collecting predictions on test_in...
2026-07-19 12:23:30,192 | INFO | celeba_ood |   test_in size = 18941, OOD score (combined entropy) mean = 0.2011
2026-07-19 12:23:30,192 | INFO | celeba_ood | Collecting predictions on test_ood (Eyeglasses)...
2026-07-19 12:23:34,559 | INFO | celeba_ood |   test_ood size = 13193, OOD score (combined entropy) mean = 0.2884
2026-07-19 12:23:34,603 | INFO | celeba_ood | Per-attribute accuracy (in-distribution test set):
2026-07-19 12:23:34,604 | INFO | celeba_ood |   Male/Female : 97.60%
2026-07-19 12:23:34,604 | INFO | celeba_ood |   Arched_Eyebrows       : 83.10%
2026-07-19 12:23:34,604 | INFO | celeba_ood |   Bushy_Eyebrows        : 91.37%
2026-07-19 12:23:34,604 | INFO | celeba_ood |   Narrow_Eyes           : 89.48%
2026-07-19 12:23:34,604 | INFO | celeba_ood |   Bags_Under_Eyes       : 79.29%
2026-07-19 12:23:34,604 | INFO | celeba_ood |   Smiling               : 85.56%
2026-07-19 12:23:34,604 | INFO | celeba_ood |   Young                 : 82.79%
2026-07-19 12:23:34,604 | INFO | celeba_ood | OOD AUROC (in-dist vs Eyeglasses):
2026-07-19 12:23:34,604 | INFO | celeba_ood |   score_msp                AUROC = 0.7850  (in_mean=0.012, ood_mean=0.042)
2026-07-19 12:23:34,604 | INFO | celeba_ood |   score_entropy_gender     AUROC = 0.7919  (in_mean=0.029, ood_mean=0.100)
2026-07-19 12:23:34,604 | INFO | celeba_ood |   score_entropy_attrs      AUROC = 0.5590  (in_mean=0.172, ood_mean=0.188)
2026-07-19 12:23:34,604 | INFO | celeba_ood |   score_entropy_combined   AUROC = 0.6625  (in_mean=0.201, ood_mean=0.288)
2026-07-19 12:24:50,868 | INFO | celeba_ood | Fusion-based AUROC (max-pixel) = 0.6052  (in_mean=1.0183, ood_mean=1.1514)
2026-07-19 12:24:50,869 | INFO | celeba_ood | Wrote per-block plots: per_block_breakdown.png, recons_only.png, activations.png, fusion_overlay.png, fusion_auroc.png
2026-07-19 12:24:50,870 | INFO | celeba_ood | Summary written to outputs/celeba_ood/cp128_20260719_060210_6782570/model_4/summary.json
2026-07-19 12:24:50,874 | INFO | celeba_ood | model 5/8 done in 5084.7s
2026-07-19 12:24:50,882 | INFO | celeba_ood | ######################################################################
2026-07-19 12:24:50,882 | INFO | celeba_ood | # MODEL 6/8   (seed=47, channels=[32, 64, 128, 256, 256], kernel=5)
2026-07-19 12:24:50,882 | INFO | celeba_ood | ######################################################################
2026-07-19 12:24:50,939 | INFO | celeba_ood | Model        : FacialCNN  (2,720,042 params)
2026-07-19 12:24:50,939 | INFO | celeba_ood | ======================================================================
2026-07-19 12:24:50,939 | INFO | celeba_ood | TRAINING — combined CE(gender) + BCE(attrs) loss
2026-07-19 12:24:50,939 | INFO | celeba_ood | ======================================================================
2026-07-19 12:24:50,940 | INFO | celeba_ood | CutPaste pretext on: {'prob': 0.5, 'area_range': (0.05, 0.15), 'aspect_range': (0.3, 3.3), 'scar_prob': 0.0}  loss_weight=0.5
2026-07-19 12:24:50,940 | INFO | celeba_ood | No validation set — running the full 20-epoch schedule with no early stopping; final-epoch weights are kept.
2026-07-19 12:26:09,935 | INFO | celeba_ood | epoch   1/20  train_loss=0.8941  train_gender_acc=94.0%  train_attr_acc=[77.9 89.3 88.3 81.0 86.7 83.9]%  (79.0s)
2026-07-19 12:27:29,101 | INFO | celeba_ood | epoch   2/20  train_loss=0.6668  train_gender_acc=97.2%  train_attr_acc=[81.5 91.0 89.4 83.2 91.7 87.1]%  (79.2s)
2026-07-19 12:28:48,082 | INFO | celeba_ood | epoch   3/20  train_loss=0.6172  train_gender_acc=97.7%  train_attr_acc=[83.0 91.4 89.8 84.0 92.3 87.9]%  (79.0s)
2026-07-19 12:30:06,926 | INFO | celeba_ood | epoch   4/20  train_loss=0.5910  train_gender_acc=98.1%  train_attr_acc=[83.4 91.7 90.0 84.1 92.5 88.5]%  (78.8s)
2026-07-19 12:31:25,793 | INFO | celeba_ood | epoch   5/20  train_loss=0.5726  train_gender_acc=98.3%  train_attr_acc=[84.2 91.9 90.1 84.4 92.8 88.9]%  (78.9s)
2026-07-19 12:32:44,823 | INFO | celeba_ood | epoch   6/20  train_loss=0.5575  train_gender_acc=98.4%  train_attr_acc=[84.1 92.0 90.3 84.7 93.0 89.2]%  (79.0s)
2026-07-19 12:34:04,050 | INFO | celeba_ood | epoch   7/20  train_loss=0.5411  train_gender_acc=98.7%  train_attr_acc=[84.5 92.2 90.3 85.1 93.3 89.6]%  (79.2s)
2026-07-19 12:35:23,244 | INFO | celeba_ood | epoch   8/20  train_loss=0.5282  train_gender_acc=98.8%  train_attr_acc=[84.7 92.3 90.4 85.1 93.5 89.9]%  (79.2s)
2026-07-19 12:36:42,501 | INFO | celeba_ood | epoch   9/20  train_loss=0.5131  train_gender_acc=99.0%  train_attr_acc=[85.1 92.4 90.5 85.5 93.7 90.1]%  (79.3s)
2026-07-19 12:38:01,574 | INFO | celeba_ood | epoch  10/20  train_loss=0.4972  train_gender_acc=99.1%  train_attr_acc=[85.5 92.6 90.8 85.9 93.9 90.5]%  (79.1s)
2026-07-19 12:39:20,592 | INFO | celeba_ood | epoch  11/20  train_loss=0.4842  train_gender_acc=99.2%  train_attr_acc=[85.8 92.8 90.9 86.1 94.1 90.9]%  (79.0s)
2026-07-19 12:40:39,646 | INFO | celeba_ood | epoch  12/20  train_loss=0.4689  train_gender_acc=99.3%  train_attr_acc=[86.2 92.9 91.1 86.5 94.4 91.3]%  (79.1s)
2026-07-19 12:41:58,811 | INFO | celeba_ood | epoch  13/20  train_loss=0.4521  train_gender_acc=99.5%  train_attr_acc=[86.5 93.2 91.3 87.2 94.6 91.8]%  (79.2s)
2026-07-19 12:43:17,879 | INFO | celeba_ood | epoch  14/20  train_loss=0.4338  train_gender_acc=99.5%  train_attr_acc=[87.0 93.6 91.6 87.4 94.9 92.3]%  (79.1s)
2026-07-19 12:44:36,996 | INFO | celeba_ood | epoch  15/20  train_loss=0.4187  train_gender_acc=99.6%  train_attr_acc=[87.4 93.6 91.8 88.0 95.2 92.5]%  (79.1s)
2026-07-19 12:45:55,650 | INFO | celeba_ood | epoch  16/20  train_loss=0.3988  train_gender_acc=99.6%  train_attr_acc=[88.0 94.1 92.1 88.5 95.4 93.0]%  (78.7s)
2026-07-19 12:47:14,407 | INFO | celeba_ood | epoch  17/20  train_loss=0.3782  train_gender_acc=99.7%  train_attr_acc=[88.7 94.4 92.6 88.9 95.7 93.5]%  (78.8s)
2026-07-19 12:48:33,170 | INFO | celeba_ood | epoch  18/20  train_loss=0.3617  train_gender_acc=99.7%  train_attr_acc=[89.1 94.5 92.8 89.5 96.0 94.0]%  (78.8s)
2026-07-19 12:49:51,980 | INFO | celeba_ood | epoch  19/20  train_loss=0.3396  train_gender_acc=99.8%  train_attr_acc=[89.7 94.9 93.1 90.1 96.3 94.6]%  (78.8s)
2026-07-19 12:51:11,048 | INFO | celeba_ood | epoch  20/20  train_loss=0.3203  train_gender_acc=99.8%  train_attr_acc=[90.2 95.2 93.5 90.8 96.6 94.9]%  (79.1s)
2026-07-19 12:51:11,049 | INFO | celeba_ood | Training done in 1580.1s
2026-07-19 12:51:11,226 | INFO | celeba_ood | ======================================================================
2026-07-19 12:51:11,226 | INFO | celeba_ood | PHASE 2 — training per-block reconstruction decoders
2026-07-19 12:51:11,226 | INFO | celeba_ood | ======================================================================
2026-07-19 12:51:11,226 | INFO | celeba_ood |   decoder L0: in=(C=32, H=64) → out=(3, 128, 128)  params=8,275
2026-07-19 12:51:11,226 | INFO | celeba_ood |   decoder L1: in=(C=64, H=32) → out=(3, 128, 128)  params=41,107
2026-07-19 12:51:11,226 | INFO | celeba_ood |   decoder L2: in=(C=128, H=16) → out=(3, 128, 128)  params=172,307
2026-07-19 12:51:11,226 | INFO | celeba_ood |   decoder L3: in=(C=256, H=8) → out=(3, 128, 128)  params=696,851
2026-07-19 12:51:11,226 | INFO | celeba_ood |   decoder L4: in=(C=256, H=8) → out=(3, 128, 128)  params=696,851
2026-07-19 12:53:17,452 | INFO | celeba_ood | [decoders] epoch   1/25  train=0.0683  per_block(train)=[0.0036 0.0069 0.0098 0.0141 0.0339]  (126.2s)
2026-07-19 12:55:23,629 | INFO | celeba_ood | [decoders] epoch   2/25  train=0.0448  per_block(train)=[0.0011 0.0036 0.0063 0.0095 0.0243]  (126.2s)
2026-07-19 12:57:29,830 | INFO | celeba_ood | [decoders] epoch   3/25  train=0.0420  per_block(train)=[0.0011 0.0034 0.0060 0.0090 0.0225]  (126.2s)
2026-07-19 12:59:36,026 | INFO | celeba_ood | [decoders] epoch   4/25  train=0.0404  per_block(train)=[0.0010 0.0034 0.0059 0.0087 0.0215]  (126.2s)
2026-07-19 13:01:42,198 | INFO | celeba_ood | [decoders] epoch   5/25  train=0.0395  per_block(train)=[0.0010 0.0033 0.0058 0.0085 0.0209]  (126.2s)
2026-07-19 13:03:48,380 | INFO | celeba_ood | [decoders] epoch   6/25  train=0.0387  per_block(train)=[0.0010 0.0033 0.0057 0.0083 0.0204]  (126.2s)
2026-07-19 13:05:54,567 | INFO | celeba_ood | [decoders] epoch   7/25  train=0.0382  per_block(train)=[0.0010 0.0032 0.0057 0.0082 0.0200]  (126.2s)
2026-07-19 13:08:00,732 | INFO | celeba_ood | [decoders] epoch   8/25  train=0.0378  per_block(train)=[0.0010 0.0032 0.0057 0.0082 0.0198]  (126.2s)
2026-07-19 13:10:06,896 | INFO | celeba_ood | [decoders] epoch   9/25  train=0.0374  per_block(train)=[0.0009 0.0032 0.0056 0.0081 0.0196]  (126.2s)
2026-07-19 13:12:13,062 | INFO | celeba_ood | [decoders] epoch  10/25  train=0.0371  per_block(train)=[0.0009 0.0032 0.0056 0.0080 0.0194]  (126.2s)
2026-07-19 13:14:19,229 | INFO | celeba_ood | [decoders] epoch  11/25  train=0.0369  per_block(train)=[0.0009 0.0032 0.0056 0.0080 0.0192]  (126.2s)
2026-07-19 13:16:25,353 | INFO | celeba_ood | [decoders] epoch  12/25  train=0.0366  per_block(train)=[0.0009 0.0032 0.0056 0.0080 0.0190]  (126.1s)
2026-07-19 13:18:31,538 | INFO | celeba_ood | [decoders] epoch  13/25  train=0.0364  per_block(train)=[0.0009 0.0032 0.0055 0.0079 0.0189]  (126.2s)
2026-07-19 13:20:37,723 | INFO | celeba_ood | [decoders] epoch  14/25  train=0.0363  per_block(train)=[0.0009 0.0032 0.0055 0.0079 0.0188]  (126.2s)
2026-07-19 13:22:43,904 | INFO | celeba_ood | [decoders] epoch  15/25  train=0.0361  per_block(train)=[0.0009 0.0032 0.0055 0.0079 0.0187]  (126.2s)
2026-07-19 13:24:50,104 | INFO | celeba_ood | [decoders] epoch  16/25  train=0.0360  per_block(train)=[0.0009 0.0031 0.0055 0.0078 0.0186]  (126.2s)
2026-07-19 13:26:56,258 | INFO | celeba_ood | [decoders] epoch  17/25  train=0.0359  per_block(train)=[0.0009 0.0031 0.0055 0.0078 0.0185]  (126.2s)
2026-07-19 13:29:02,425 | INFO | celeba_ood | [decoders] epoch  18/25  train=0.0357  per_block(train)=[0.0009 0.0031 0.0055 0.0078 0.0185]  (126.2s)
2026-07-19 13:31:08,565 | INFO | celeba_ood | [decoders] epoch  19/25  train=0.0356  per_block(train)=[0.0009 0.0031 0.0055 0.0078 0.0183]  (126.1s)
2026-07-19 13:33:14,748 | INFO | celeba_ood | [decoders] epoch  20/25  train=0.0355  per_block(train)=[0.0009 0.0031 0.0055 0.0077 0.0183]  (126.2s)
2026-07-19 13:35:20,907 | INFO | celeba_ood | [decoders] epoch  21/25  train=0.0354  per_block(train)=[0.0009 0.0031 0.0055 0.0077 0.0183]  (126.2s)
2026-07-19 13:37:27,116 | INFO | celeba_ood | [decoders] epoch  22/25  train=0.0353  per_block(train)=[0.0009 0.0031 0.0054 0.0077 0.0182]  (126.2s)
2026-07-19 13:39:33,342 | INFO | celeba_ood | [decoders] epoch  23/25  train=0.0353  per_block(train)=[0.0009 0.0031 0.0054 0.0077 0.0182]  (126.2s)
2026-07-19 13:41:39,557 | INFO | celeba_ood | [decoders] epoch  24/25  train=0.0351  per_block(train)=[0.0009 0.0031 0.0054 0.0077 0.0181]  (126.2s)
2026-07-19 13:43:45,743 | INFO | celeba_ood | [decoders] epoch  25/25  train=0.0350  per_block(train)=[0.0008 0.0031 0.0054 0.0077 0.0180]  (126.2s)
2026-07-19 13:43:45,744 | INFO | celeba_ood | Decoder training done in 3154.5s
2026-07-19 13:43:45,781 | INFO | celeba_ood | ======================================================================
2026-07-19 13:43:45,782 | INFO | celeba_ood | EVALUATION — per-attribute accuracy + OOD AUROC
2026-07-19 13:43:45,782 | INFO | celeba_ood | ======================================================================
2026-07-19 13:43:45,782 | INFO | celeba_ood | Collecting predictions on test_in...
2026-07-19 13:43:51,367 | INFO | celeba_ood |   test_in size = 18941, OOD score (combined entropy) mean = 0.1522
2026-07-19 13:43:51,367 | INFO | celeba_ood | Collecting predictions on test_ood (Eyeglasses)...
2026-07-19 13:43:55,955 | INFO | celeba_ood |   test_ood size = 13193, OOD score (combined entropy) mean = 0.2041
2026-07-19 13:43:55,999 | INFO | celeba_ood | Per-attribute accuracy (in-distribution test set):
2026-07-19 13:43:56,000 | INFO | celeba_ood |   Male/Female : 98.25%
2026-07-19 13:43:56,000 | INFO | celeba_ood |   Arched_Eyebrows       : 77.33%
2026-07-19 13:43:56,000 | INFO | celeba_ood |   Bushy_Eyebrows        : 90.38%
2026-07-19 13:43:56,000 | INFO | celeba_ood |   Narrow_Eyes           : 89.01%
2026-07-19 13:43:56,000 | INFO | celeba_ood |   Bags_Under_Eyes       : 71.21%
2026-07-19 13:43:56,000 | INFO | celeba_ood |   Smiling               : 90.66%
2026-07-19 13:43:56,000 | INFO | celeba_ood |   Young                 : 84.45%
2026-07-19 13:43:56,000 | INFO | celeba_ood | OOD AUROC (in-dist vs Eyeglasses):
2026-07-19 13:43:56,000 | INFO | celeba_ood |   score_msp                AUROC = 0.7074  (in_mean=0.008, ood_mean=0.025)
2026-07-19 13:43:56,000 | INFO | celeba_ood |   score_entropy_gender     AUROC = 0.7166  (in_mean=0.019, ood_mean=0.060)
2026-07-19 13:43:56,000 | INFO | celeba_ood |   score_entropy_attrs      AUROC = 0.5428  (in_mean=0.133, ood_mean=0.144)
2026-07-19 13:43:56,000 | INFO | celeba_ood |   score_entropy_combined   AUROC = 0.6040  (in_mean=0.152, ood_mean=0.204)
2026-07-19 13:45:15,760 | INFO | celeba_ood | Fusion-based AUROC (max-pixel) = 0.6033  (in_mean=1.1910, ood_mean=1.3226)
2026-07-19 13:45:15,761 | INFO | celeba_ood | Wrote per-block plots: per_block_breakdown.png, recons_only.png, activations.png, fusion_overlay.png, fusion_auroc.png
2026-07-19 13:45:15,762 | INFO | celeba_ood | Summary written to outputs/celeba_ood/cp128_20260719_060210_6782570/model_5/summary.json
2026-07-19 13:45:15,766 | INFO | celeba_ood | model 6/8 done in 4824.9s
2026-07-19 13:45:15,774 | INFO | celeba_ood | ######################################################################
2026-07-19 13:45:15,774 | INFO | celeba_ood | # MODEL 7/8   (seed=48, channels=[64, 96, 160, 224, 288], kernel=3)
2026-07-19 13:45:15,775 | INFO | celeba_ood | ######################################################################
2026-07-19 13:45:15,812 | INFO | celeba_ood | Model        : FacialCNN  (1,102,986 params)
2026-07-19 13:45:15,812 | INFO | celeba_ood | ======================================================================
2026-07-19 13:45:15,812 | INFO | celeba_ood | TRAINING — combined CE(gender) + BCE(attrs) loss
2026-07-19 13:45:15,812 | INFO | celeba_ood | ======================================================================
2026-07-19 13:45:15,813 | INFO | celeba_ood | CutPaste pretext on: {'prob': 0.5, 'area_range': (0.05, 0.15), 'aspect_range': (0.3, 3.3), 'scar_prob': 0.0}  loss_weight=0.5
2026-07-19 13:45:15,813 | INFO | celeba_ood | No validation set — running the full 20-epoch schedule with no early stopping; final-epoch weights are kept.
2026-07-19 13:46:31,062 | INFO | celeba_ood | epoch   1/20  train_loss=0.9468  train_gender_acc=93.5%  train_attr_acc=[77.4 88.6 87.9 80.8 83.9 83.0]%  (75.2s)
2026-07-19 13:47:46,069 | INFO | celeba_ood | epoch   2/20  train_loss=0.6917  train_gender_acc=96.7%  train_attr_acc=[81.0 90.9 89.2 83.0 91.3 86.4]%  (75.0s)
2026-07-19 13:49:01,279 | INFO | celeba_ood | epoch   3/20  train_loss=0.6359  train_gender_acc=97.4%  train_attr_acc=[82.4 91.3 89.6 83.8 91.9 87.5]%  (75.2s)
2026-07-19 13:50:16,648 | INFO | celeba_ood | epoch   4/20  train_loss=0.6078  train_gender_acc=97.8%  train_attr_acc=[83.3 91.6 90.0 84.3 92.3 88.0]%  (75.4s)
2026-07-19 13:51:31,952 | INFO | celeba_ood | epoch   5/20  train_loss=0.5871  train_gender_acc=98.1%  train_attr_acc=[83.5 91.7 90.0 84.4 92.7 88.5]%  (75.3s)
2026-07-19 13:52:47,350 | INFO | celeba_ood | epoch   6/20  train_loss=0.5737  train_gender_acc=98.2%  train_attr_acc=[84.0 91.7 90.1 84.7 92.9 88.8]%  (75.4s)
2026-07-19 13:54:02,623 | INFO | celeba_ood | epoch   7/20  train_loss=0.5620  train_gender_acc=98.3%  train_attr_acc=[84.2 91.9 90.2 84.8 93.0 89.0]%  (75.3s)
2026-07-19 13:55:18,254 | INFO | celeba_ood | epoch   8/20  train_loss=0.5486  train_gender_acc=98.5%  train_attr_acc=[84.4 92.1 90.2 85.0 93.2 89.3]%  (75.6s)
2026-07-19 13:56:33,701 | INFO | celeba_ood | epoch   9/20  train_loss=0.5365  train_gender_acc=98.6%  train_attr_acc=[84.7 92.2 90.4 85.1 93.3 89.6]%  (75.4s)
2026-07-19 13:57:49,221 | INFO | celeba_ood | epoch  10/20  train_loss=0.5291  train_gender_acc=98.7%  train_attr_acc=[84.8 92.3 90.5 85.5 93.3 89.8]%  (75.5s)
2026-07-19 13:59:04,428 | INFO | celeba_ood | epoch  11/20  train_loss=0.5204  train_gender_acc=98.9%  train_attr_acc=[85.3 92.6 90.5 85.5 93.4 90.0]%  (75.2s)
2026-07-19 14:00:19,646 | INFO | celeba_ood | epoch  12/20  train_loss=0.5079  train_gender_acc=99.0%  train_attr_acc=[85.4 92.5 90.5 85.7 93.8 90.3]%  (75.2s)
2026-07-19 14:01:35,083 | INFO | celeba_ood | epoch  13/20  train_loss=0.5004  train_gender_acc=99.1%  train_attr_acc=[85.4 92.6 90.6 85.7 93.9 90.3]%  (75.4s)
2026-07-19 14:02:50,378 | INFO | celeba_ood | epoch  14/20  train_loss=0.4901  train_gender_acc=99.2%  train_attr_acc=[85.6 92.8 90.8 86.1 93.9 90.6]%  (75.3s)
2026-07-19 14:04:05,688 | INFO | celeba_ood | epoch  15/20  train_loss=0.4826  train_gender_acc=99.3%  train_attr_acc=[86.0 92.8 90.8 86.2 94.1 90.8]%  (75.3s)
2026-07-19 14:05:21,185 | INFO | celeba_ood | epoch  16/20  train_loss=0.4744  train_gender_acc=99.4%  train_attr_acc=[85.9 93.0 90.9 86.3 94.2 90.9]%  (75.5s)
2026-07-19 14:06:36,614 | INFO | celeba_ood | epoch  17/20  train_loss=0.4643  train_gender_acc=99.4%  train_attr_acc=[86.3 93.1 91.0 86.4 94.4 91.3]%  (75.4s)
2026-07-19 14:07:52,048 | INFO | celeba_ood | epoch  18/20  train_loss=0.4547  train_gender_acc=99.4%  train_attr_acc=[86.6 93.2 91.1 86.7 94.6 91.5]%  (75.4s)
2026-07-19 14:09:07,155 | INFO | celeba_ood | epoch  19/20  train_loss=0.4433  train_gender_acc=99.6%  train_attr_acc=[86.9 93.4 91.3 87.2 94.6 91.7]%  (75.1s)
2026-07-19 14:10:22,604 | INFO | celeba_ood | epoch  20/20  train_loss=0.4345  train_gender_acc=99.6%  train_attr_acc=[87.0 93.6 91.5 87.1 94.9 92.0]%  (75.4s)
2026-07-19 14:10:22,605 | INFO | celeba_ood | Training done in 1506.8s
2026-07-19 14:10:22,755 | INFO | celeba_ood | ======================================================================
2026-07-19 14:10:22,755 | INFO | celeba_ood | PHASE 2 — training per-block reconstruction decoders
2026-07-19 14:10:22,755 | INFO | celeba_ood | ======================================================================
2026-07-19 14:10:22,756 | INFO | celeba_ood |   decoder L0: in=(C=64, H=64) → out=(3, 128, 128)  params=32,931
2026-07-19 14:10:22,756 | INFO | celeba_ood |   decoder L1: in=(C=96, H=32) → out=(3, 128, 128)  params=92,379
2026-07-19 14:10:22,756 | INFO | celeba_ood |   decoder L2: in=(C=160, H=16) → out=(3, 128, 128)  params=269,143
2026-07-19 14:10:22,756 | INFO | celeba_ood |   decoder L3: in=(C=224, H=8) → out=(3, 128, 128)  params=534,491
2026-07-19 14:10:22,756 | INFO | celeba_ood |   decoder L4: in=(C=288, H=8) → out=(3, 128, 128)  params=881,877
2026-07-19 14:12:51,701 | INFO | celeba_ood | [decoders] epoch   1/25  train=0.0429  per_block(train)=[0.0014 0.0029 0.0060 0.0103 0.0223]  (148.9s)
2026-07-19 14:15:20,254 | INFO | celeba_ood | [decoders] epoch   2/25  train=0.0270  per_block(train)=[0.0004 0.0012 0.0032 0.0069 0.0152]  (148.6s)
2026-07-19 14:17:48,763 | INFO | celeba_ood | [decoders] epoch   3/25  train=0.0250  per_block(train)=[0.0004 0.0011 0.0030 0.0065 0.0141]  (148.5s)
2026-07-19 14:20:17,256 | INFO | celeba_ood | [decoders] epoch   4/25  train=0.0241  per_block(train)=[0.0004 0.0011 0.0029 0.0063 0.0135]  (148.5s)
2026-07-19 14:22:45,756 | INFO | celeba_ood | [decoders] epoch   5/25  train=0.0235  per_block(train)=[0.0003 0.0010 0.0029 0.0062 0.0131]  (148.5s)
2026-07-19 14:25:14,243 | INFO | celeba_ood | [decoders] epoch   6/25  train=0.0230  per_block(train)=[0.0003 0.0010 0.0028 0.0061 0.0128]  (148.5s)
2026-07-19 14:27:42,738 | INFO | celeba_ood | [decoders] epoch   7/25  train=0.0227  per_block(train)=[0.0003 0.0010 0.0028 0.0060 0.0126]  (148.5s)
2026-07-19 14:30:11,200 | INFO | celeba_ood | [decoders] epoch   8/25  train=0.0223  per_block(train)=[0.0003 0.0010 0.0027 0.0059 0.0124]  (148.5s)
2026-07-19 14:32:39,648 | INFO | celeba_ood | [decoders] epoch   9/25  train=0.0221  per_block(train)=[0.0003 0.0009 0.0027 0.0059 0.0123]  (148.4s)
2026-07-19 14:35:08,093 | INFO | celeba_ood | [decoders] epoch  10/25  train=0.0219  per_block(train)=[0.0003 0.0009 0.0027 0.0058 0.0122]  (148.4s)
2026-07-19 14:37:36,636 | INFO | celeba_ood | [decoders] epoch  11/25  train=0.0218  per_block(train)=[0.0003 0.0009 0.0027 0.0058 0.0121]  (148.5s)
2026-07-19 14:40:05,111 | INFO | celeba_ood | [decoders] epoch  12/25  train=0.0216  per_block(train)=[0.0003 0.0009 0.0027 0.0058 0.0120]  (148.5s)
2026-07-19 14:42:33,590 | INFO | celeba_ood | [decoders] epoch  13/25  train=0.0214  per_block(train)=[0.0002 0.0009 0.0027 0.0057 0.0119]  (148.5s)
2026-07-19 14:45:02,064 | INFO | celeba_ood | [decoders] epoch  14/25  train=0.0213  per_block(train)=[0.0002 0.0009 0.0026 0.0057 0.0118]  (148.5s)
2026-07-19 14:47:30,516 | INFO | celeba_ood | [decoders] epoch  15/25  train=0.0212  per_block(train)=[0.0002 0.0009 0.0026 0.0057 0.0118]  (148.5s)
2026-07-19 14:49:58,943 | INFO | celeba_ood | [decoders] epoch  16/25  train=0.0212  per_block(train)=[0.0002 0.0009 0.0026 0.0057 0.0117]  (148.4s)
2026-07-19 14:52:27,390 | INFO | celeba_ood | [decoders] epoch  17/25  train=0.0211  per_block(train)=[0.0002 0.0009 0.0026 0.0057 0.0117]  (148.4s)
2026-07-19 14:54:55,830 | INFO | celeba_ood | [decoders] epoch  18/25  train=0.0210  per_block(train)=[0.0002 0.0009 0.0026 0.0056 0.0116]  (148.4s)
2026-07-19 14:57:24,262 | INFO | celeba_ood | [decoders] epoch  19/25  train=0.0209  per_block(train)=[0.0002 0.0009 0.0026 0.0056 0.0116]  (148.4s)
2026-07-19 14:59:52,671 | INFO | celeba_ood | [decoders] epoch  20/25  train=0.0209  per_block(train)=[0.0002 0.0009 0.0026 0.0056 0.0116]  (148.4s)
2026-07-19 15:02:21,061 | INFO | celeba_ood | [decoders] epoch  21/25  train=0.0208  per_block(train)=[0.0002 0.0009 0.0026 0.0056 0.0115]  (148.4s)
2026-07-19 15:04:49,467 | INFO | celeba_ood | [decoders] epoch  22/25  train=0.0207  per_block(train)=[0.0002 0.0009 0.0026 0.0056 0.0115]  (148.4s)
2026-07-19 15:07:17,871 | INFO | celeba_ood | [decoders] epoch  23/25  train=0.0207  per_block(train)=[0.0002 0.0009 0.0026 0.0056 0.0115]  (148.4s)
2026-07-19 15:09:46,303 | INFO | celeba_ood | [decoders] epoch  24/25  train=0.0206  per_block(train)=[0.0002 0.0009 0.0026 0.0056 0.0114]  (148.4s)
2026-07-19 15:12:14,713 | INFO | celeba_ood | [decoders] epoch  25/25  train=0.0206  per_block(train)=[0.0002 0.0008 0.0026 0.0056 0.0114]  (148.4s)
2026-07-19 15:12:14,713 | INFO | celeba_ood | Decoder training done in 3712.0s
2026-07-19 15:12:14,756 | INFO | celeba_ood | ======================================================================
2026-07-19 15:12:14,756 | INFO | celeba_ood | EVALUATION — per-attribute accuracy + OOD AUROC
2026-07-19 15:12:14,756 | INFO | celeba_ood | ======================================================================
2026-07-19 15:12:14,756 | INFO | celeba_ood | Collecting predictions on test_in...
2026-07-19 15:12:20,265 | INFO | celeba_ood |   test_in size = 18941, OOD score (combined entropy) mean = 0.2358
2026-07-19 15:12:20,265 | INFO | celeba_ood | Collecting predictions on test_ood (Eyeglasses)...
2026-07-19 15:12:24,840 | INFO | celeba_ood |   test_ood size = 13193, OOD score (combined entropy) mean = 0.2758
2026-07-19 15:12:24,884 | INFO | celeba_ood | Per-attribute accuracy (in-distribution test set):
2026-07-19 15:12:24,885 | INFO | celeba_ood |   Male/Female : 97.80%
2026-07-19 15:12:24,885 | INFO | celeba_ood |   Arched_Eyebrows       : 83.69%
2026-07-19 15:12:24,885 | INFO | celeba_ood |   Bushy_Eyebrows        : 90.82%
2026-07-19 15:12:24,885 | INFO | celeba_ood |   Narrow_Eyes           : 89.83%
2026-07-19 15:12:24,885 | INFO | celeba_ood |   Bags_Under_Eyes       : 83.71%
2026-07-19 15:12:24,885 | INFO | celeba_ood |   Smiling               : 87.15%
2026-07-19 15:12:24,885 | INFO | celeba_ood |   Young                 : 78.37%
2026-07-19 15:12:24,885 | INFO | celeba_ood | OOD AUROC (in-dist vs Eyeglasses):
2026-07-19 15:12:24,885 | INFO | celeba_ood |   score_msp                AUROC = 0.7005  (in_mean=0.010, ood_mean=0.027)
2026-07-19 15:12:24,885 | INFO | celeba_ood |   score_entropy_gender     AUROC = 0.7062  (in_mean=0.026, ood_mean=0.066)
2026-07-19 15:12:24,885 | INFO | celeba_ood |   score_entropy_attrs      AUROC = 0.5007  (in_mean=0.210, ood_mean=0.210)
2026-07-19 15:12:24,885 | INFO | celeba_ood |   score_entropy_combined   AUROC = 0.5593  (in_mean=0.236, ood_mean=0.276)
2026-07-19 15:13:41,624 | INFO | celeba_ood | Fusion-based AUROC (max-pixel) = 0.6113  (in_mean=1.0316, ood_mean=1.1721)
2026-07-19 15:13:41,625 | INFO | celeba_ood | Wrote per-block plots: per_block_breakdown.png, recons_only.png, activations.png, fusion_overlay.png, fusion_auroc.png
2026-07-19 15:13:41,626 | INFO | celeba_ood | Summary written to outputs/celeba_ood/cp128_20260719_060210_6782570/model_6/summary.json
2026-07-19 15:13:41,629 | INFO | celeba_ood | model 7/8 done in 5305.9s
2026-07-19 15:13:41,637 | INFO | celeba_ood | ######################################################################
2026-07-19 15:13:41,637 | INFO | celeba_ood | # MODEL 8/8   (seed=49, channels=[24, 64, 128, 192, 256], kernel=5)
2026-07-19 15:13:41,637 | INFO | celeba_ood | ######################################################################
2026-07-19 15:13:41,684 | INFO | celeba_ood | Model        : FacialCNN  (2,092,098 params)
2026-07-19 15:13:41,684 | INFO | celeba_ood | ======================================================================
2026-07-19 15:13:41,684 | INFO | celeba_ood | TRAINING — combined CE(gender) + BCE(attrs) loss
2026-07-19 15:13:41,684 | INFO | celeba_ood | ======================================================================
2026-07-19 15:13:41,684 | INFO | celeba_ood | CutPaste pretext on: {'prob': 0.5, 'area_range': (0.05, 0.15), 'aspect_range': (0.3, 3.3), 'scar_prob': 0.0}  loss_weight=0.5
2026-07-19 15:13:41,684 | INFO | celeba_ood | No validation set — running the full 20-epoch schedule with no early stopping; final-epoch weights are kept.
2026-07-19 15:14:53,162 | INFO | celeba_ood | epoch   1/20  train_loss=0.9149  train_gender_acc=93.9%  train_attr_acc=[77.6 89.2 88.1 81.1 85.9 83.9]%  (71.5s)
2026-07-19 15:16:05,272 | INFO | celeba_ood | epoch   2/20  train_loss=0.6721  train_gender_acc=97.2%  train_attr_acc=[81.6 91.0 89.2 83.2 91.6 86.9]%  (72.1s)
2026-07-19 15:17:17,237 | INFO | celeba_ood | epoch   3/20  train_loss=0.6223  train_gender_acc=97.7%  train_attr_acc=[82.9 91.4 89.7 83.9 92.2 88.0]%  (72.0s)
2026-07-19 15:18:29,129 | INFO | celeba_ood | epoch   4/20  train_loss=0.5952  train_gender_acc=98.0%  train_attr_acc=[83.4 91.7 89.9 84.2 92.4 88.5]%  (71.9s)
2026-07-19 15:19:40,730 | INFO | celeba_ood | epoch   5/20  train_loss=0.5771  train_gender_acc=98.2%  train_attr_acc=[83.9 91.9 90.0 84.5 92.7 88.8]%  (71.6s)
2026-07-19 15:20:52,358 | INFO | celeba_ood | epoch   6/20  train_loss=0.5586  train_gender_acc=98.5%  train_attr_acc=[83.9 91.9 90.1 84.7 92.9 89.1]%  (71.6s)
2026-07-19 15:22:04,006 | INFO | celeba_ood | epoch   7/20  train_loss=0.5442  train_gender_acc=98.7%  train_attr_acc=[84.3 92.1 90.3 85.2 93.1 89.6]%  (71.6s)
2026-07-19 15:23:15,577 | INFO | celeba_ood | epoch   8/20  train_loss=0.5285  train_gender_acc=98.8%  train_attr_acc=[84.9 92.3 90.4 85.3 93.4 90.0]%  (71.6s)
2026-07-19 15:24:27,277 | INFO | celeba_ood | epoch   9/20  train_loss=0.5140  train_gender_acc=98.9%  train_attr_acc=[84.9 92.4 90.5 85.7 93.6 90.2]%  (71.7s)
2026-07-19 15:25:38,859 | INFO | celeba_ood | epoch  10/20  train_loss=0.5014  train_gender_acc=99.0%  train_attr_acc=[85.5 92.5 90.5 85.9 94.0 90.5]%  (71.6s)
2026-07-19 15:26:50,558 | INFO | celeba_ood | epoch  11/20  train_loss=0.4895  train_gender_acc=99.2%  train_attr_acc=[85.7 92.7 90.8 86.0 94.0 90.8]%  (71.7s)
2026-07-19 15:28:02,155 | INFO | celeba_ood | epoch  12/20  train_loss=0.4743  train_gender_acc=99.3%  train_attr_acc=[85.9 92.8 91.0 86.5 94.2 91.2]%  (71.6s)
2026-07-19 15:29:13,748 | INFO | celeba_ood | epoch  13/20  train_loss=0.4586  train_gender_acc=99.5%  train_attr_acc=[86.4 93.1 91.1 86.7 94.5 91.6]%  (71.6s)
2026-07-19 15:30:25,578 | INFO | celeba_ood | epoch  14/20  train_loss=0.4452  train_gender_acc=99.5%  train_attr_acc=[87.0 93.1 91.4 87.0 94.8 91.9]%  (71.8s)
2026-07-19 15:31:37,172 | INFO | celeba_ood | epoch  15/20  train_loss=0.4294  train_gender_acc=99.6%  train_attr_acc=[87.2 93.6 91.4 87.6 94.9 92.2]%  (71.6s)
2026-07-19 15:32:49,172 | INFO | celeba_ood | epoch  16/20  train_loss=0.4119  train_gender_acc=99.6%  train_attr_acc=[87.8 93.7 91.9 88.0 95.2 92.7]%  (72.0s)
2026-07-19 15:34:00,812 | INFO | celeba_ood | epoch  17/20  train_loss=0.3952  train_gender_acc=99.7%  train_attr_acc=[88.4 94.0 92.1 88.5 95.6 93.3]%  (71.6s)
2026-07-19 15:35:12,829 | INFO | celeba_ood | epoch  18/20  train_loss=0.3782  train_gender_acc=99.7%  train_attr_acc=[88.7 94.3 92.3 89.1 95.8 93.6]%  (72.0s)
2026-07-19 15:36:24,773 | INFO | celeba_ood | epoch  19/20  train_loss=0.3593  train_gender_acc=99.7%  train_attr_acc=[89.1 94.6 92.7 89.7 96.1 94.0]%  (71.9s)
2026-07-19 15:37:36,891 | INFO | celeba_ood | epoch  20/20  train_loss=0.3418  train_gender_acc=99.8%  train_attr_acc=[89.7 94.9 93.0 90.1 96.3 94.5]%  (72.1s)
2026-07-19 15:37:36,892 | INFO | celeba_ood | Training done in 1435.2s
2026-07-19 15:37:37,056 | INFO | celeba_ood | ======================================================================
2026-07-19 15:37:37,056 | INFO | celeba_ood | PHASE 2 — training per-block reconstruction decoders
2026-07-19 15:37:37,056 | INFO | celeba_ood | ======================================================================
2026-07-19 15:37:37,056 | INFO | celeba_ood |   decoder L0: in=(C=24, H=64) → out=(3, 128, 128)  params=6,227
2026-07-19 15:37:37,056 | INFO | celeba_ood |   decoder L1: in=(C=64, H=32) → out=(3, 128, 128)  params=41,107
2026-07-19 15:37:37,056 | INFO | celeba_ood |   decoder L2: in=(C=128, H=16) → out=(3, 128, 128)  params=172,307
2026-07-19 15:37:37,056 | INFO | celeba_ood |   decoder L3: in=(C=192, H=8) → out=(3, 128, 128)  params=393,635
2026-07-19 15:37:37,056 | INFO | celeba_ood |   decoder L4: in=(C=256, H=8) → out=(3, 128, 128)  params=696,851
2026-07-19 15:39:38,146 | INFO | celeba_ood | [decoders] epoch   1/25  train=0.0703  per_block(train)=[0.0041 0.0075 0.0100 0.0180 0.0307]  (121.1s)
2026-07-19 15:41:39,161 | INFO | celeba_ood | [decoders] epoch   2/25  train=0.0450  per_block(train)=[0.0014 0.0035 0.0061 0.0108 0.0232]  (121.0s)
2026-07-19 15:43:40,282 | INFO | celeba_ood | [decoders] epoch   3/25  train=0.0422  per_block(train)=[0.0013 0.0033 0.0058 0.0102 0.0216]  (121.1s)
2026-07-19 15:45:41,304 | INFO | celeba_ood | [decoders] epoch   4/25  train=0.0407  per_block(train)=[0.0013 0.0032 0.0057 0.0099 0.0207]  (121.0s)
2026-07-19 15:47:42,360 | INFO | celeba_ood | [decoders] epoch   5/25  train=0.0398  per_block(train)=[0.0013 0.0031 0.0056 0.0097 0.0201]  (121.1s)
2026-07-19 15:49:43,410 | INFO | celeba_ood | [decoders] epoch   6/25  train=0.0391  per_block(train)=[0.0012 0.0031 0.0055 0.0096 0.0197]  (121.0s)
2026-07-19 15:51:44,559 | INFO | celeba_ood | [decoders] epoch   7/25  train=0.0386  per_block(train)=[0.0012 0.0031 0.0055 0.0095 0.0193]  (121.1s)
2026-07-19 15:53:45,597 | INFO | celeba_ood | [decoders] epoch   8/25  train=0.0383  per_block(train)=[0.0012 0.0031 0.0055 0.0094 0.0191]  (121.0s)
2026-07-19 15:55:46,633 | INFO | celeba_ood | [decoders] epoch   9/25  train=0.0379  per_block(train)=[0.0012 0.0030 0.0054 0.0094 0.0189]  (121.0s)
2026-07-19 15:57:47,665 | INFO | celeba_ood | [decoders] epoch  10/25  train=0.0376  per_block(train)=[0.0012 0.0030 0.0054 0.0093 0.0187]  (121.0s)
2026-07-19 15:59:48,707 | INFO | celeba_ood | [decoders] epoch  11/25  train=0.0373  per_block(train)=[0.0012 0.0030 0.0054 0.0093 0.0185]  (121.0s)
2026-07-19 16:01:49,737 | INFO | celeba_ood | [decoders] epoch  12/25  train=0.0371  per_block(train)=[0.0012 0.0030 0.0054 0.0092 0.0184]  (121.0s)
2026-07-19 16:03:50,760 | INFO | celeba_ood | [decoders] epoch  13/25  train=0.0369  per_block(train)=[0.0012 0.0030 0.0054 0.0092 0.0182]  (121.0s)
2026-07-19 16:05:51,799 | INFO | celeba_ood | [decoders] epoch  14/25  train=0.0368  per_block(train)=[0.0012 0.0030 0.0053 0.0092 0.0181]  (121.0s)
2026-07-19 16:07:52,835 | INFO | celeba_ood | [decoders] epoch  15/25  train=0.0366  per_block(train)=[0.0012 0.0030 0.0053 0.0091 0.0180]  (121.0s)
2026-07-19 16:09:53,848 | INFO | celeba_ood | [decoders] epoch  16/25  train=0.0365  per_block(train)=[0.0012 0.0030 0.0053 0.0091 0.0179]  (121.0s)
2026-07-19 16:11:54,852 | INFO | celeba_ood | [decoders] epoch  17/25  train=0.0364  per_block(train)=[0.0012 0.0030 0.0053 0.0091 0.0179]  (121.0s)
2026-07-19 16:13:55,864 | INFO | celeba_ood | [decoders] epoch  18/25  train=0.0362  per_block(train)=[0.0012 0.0029 0.0053 0.0090 0.0178]  (121.0s)
2026-07-19 16:15:56,877 | INFO | celeba_ood | [decoders] epoch  19/25  train=0.0361  per_block(train)=[0.0012 0.0029 0.0053 0.0090 0.0177]  (121.0s)
2026-07-19 16:17:57,885 | INFO | celeba_ood | [decoders] epoch  20/25  train=0.0360  per_block(train)=[0.0011 0.0029 0.0053 0.0090 0.0177]  (121.0s)
2026-07-19 16:19:58,895 | INFO | celeba_ood | [decoders] epoch  21/25  train=0.0359  per_block(train)=[0.0011 0.0029 0.0053 0.0090 0.0176]  (121.0s)
2026-07-19 16:21:59,927 | INFO | celeba_ood | [decoders] epoch  22/25  train=0.0359  per_block(train)=[0.0011 0.0029 0.0053 0.0090 0.0176]  (121.0s)
2026-07-19 16:24:00,945 | INFO | celeba_ood | [decoders] epoch  23/25  train=0.0357  per_block(train)=[0.0011 0.0029 0.0052 0.0089 0.0175]  (121.0s)
2026-07-19 16:26:01,941 | INFO | celeba_ood | [decoders] epoch  24/25  train=0.0357  per_block(train)=[0.0011 0.0029 0.0052 0.0089 0.0174]  (121.0s)
2026-07-19 16:28:02,958 | INFO | celeba_ood | [decoders] epoch  25/25  train=0.0356  per_block(train)=[0.0011 0.0029 0.0052 0.0089 0.0174]  (121.0s)
2026-07-19 16:28:02,959 | INFO | celeba_ood | Decoder training done in 3025.9s
2026-07-19 16:28:02,984 | INFO | celeba_ood | ======================================================================
2026-07-19 16:28:02,984 | INFO | celeba_ood | EVALUATION — per-attribute accuracy + OOD AUROC
2026-07-19 16:28:02,984 | INFO | celeba_ood | ======================================================================
2026-07-19 16:28:02,984 | INFO | celeba_ood | Collecting predictions on test_in...
2026-07-19 16:28:08,447 | INFO | celeba_ood |   test_in size = 18941, OOD score (combined entropy) mean = 0.2279
2026-07-19 16:28:08,447 | INFO | celeba_ood | Collecting predictions on test_ood (Eyeglasses)...
2026-07-19 16:28:13,166 | INFO | celeba_ood |   test_ood size = 13193, OOD score (combined entropy) mean = 0.2896
2026-07-19 16:28:13,210 | INFO | celeba_ood | Per-attribute accuracy (in-distribution test set):
2026-07-19 16:28:13,210 | INFO | celeba_ood |   Male/Female : 97.52%
2026-07-19 16:28:13,210 | INFO | celeba_ood |   Arched_Eyebrows       : 82.30%
2026-07-19 16:28:13,210 | INFO | celeba_ood |   Bushy_Eyebrows        : 55.42%
2026-07-19 16:28:13,211 | INFO | celeba_ood |   Narrow_Eyes           : 88.49%
2026-07-19 16:28:13,211 | INFO | celeba_ood |   Bags_Under_Eyes       : 83.30%
2026-07-19 16:28:13,211 | INFO | celeba_ood |   Smiling               : 89.68%
2026-07-19 16:28:13,211 | INFO | celeba_ood |   Young                 : 85.75%
2026-07-19 16:28:13,211 | INFO | celeba_ood | OOD AUROC (in-dist vs Eyeglasses):
2026-07-19 16:28:13,211 | INFO | celeba_ood |   score_msp                AUROC = 0.6368  (in_mean=0.009, ood_mean=0.023)
2026-07-19 16:28:13,211 | INFO | celeba_ood |   score_entropy_gender     AUROC = 0.6491  (in_mean=0.022, ood_mean=0.056)
2026-07-19 16:28:13,211 | INFO | celeba_ood |   score_entropy_attrs      AUROC = 0.5843  (in_mean=0.206, ood_mean=0.234)
2026-07-19 16:28:13,211 | INFO | celeba_ood |   score_entropy_combined   AUROC = 0.6182  (in_mean=0.228, ood_mean=0.290)
2026-07-19 16:29:31,990 | INFO | celeba_ood | Fusion-based AUROC (max-pixel) = 0.6078  (in_mean=1.2119, ood_mean=1.3562)
2026-07-19 16:29:31,991 | INFO | celeba_ood | Wrote per-block plots: per_block_breakdown.png, recons_only.png, activations.png, fusion_overlay.png, fusion_auroc.png
2026-07-19 16:29:31,992 | INFO | celeba_ood | Summary written to outputs/celeba_ood/cp128_20260719_060210_6782570/model_7/summary.json
2026-07-19 16:29:31,995 | INFO | celeba_ood | model 8/8 done in 4550.4s
2026-07-19 16:29:32,003 | INFO | celeba_ood | All 8 models ready in 37563.1s
2026-07-19 16:29:32,003 | INFO | celeba_ood | ======================================================================
2026-07-19 16:29:32,003 | INFO | celeba_ood | ENSEMBLE DECOMPOSITION — Risk = Bias + Variance
2026-07-19 16:29:32,003 | INFO | celeba_ood | ======================================================================
2026-07-19 16:31:02,901 | INFO | celeba_ood | Aggregated OOD AUROC (p95):  Risk=0.6310  Bias=0.6237  Variance=0.6431
2026-07-19 16:31:02,902 | INFO | celeba_ood |   -> anomaly score = Bias = |Risk − Variance| (no sigma, no division):  AUROC=0.6237
2026-07-19 16:31:02,902 | INFO | celeba_ood |   block 0:  risk=0.5730  bias=0.5547  variance=0.5783
2026-07-19 16:31:02,902 | INFO | celeba_ood |   block 1:  risk=0.5944  bias=0.5763  variance=0.6055
2026-07-19 16:31:02,902 | INFO | celeba_ood |   block 2:  risk=0.6288  bias=0.6083  variance=0.6540
2026-07-19 16:31:02,902 | INFO | celeba_ood |   block 3:  risk=0.6461  bias=0.6349  variance=0.6667
2026-07-19 16:31:02,902 | INFO | celeba_ood |   block 4:  risk=0.6232  bias=0.6209  variance=0.6217
2026-07-19 16:31:02,902 | INFO | celeba_ood | ======================================================================
2026-07-19 16:31:02,902 | INFO | celeba_ood | PREDICTIVE UNCERTAINTY — Total = Aleatoric + Epistemic (MI)
2026-07-19 16:31:02,902 | INFO | celeba_ood | ======================================================================
2026-07-19 16:32:23,006 | INFO | celeba_ood |   gender   : total=0.4999  aleatoric=0.5622  epistemic=0.4587
2026-07-19 16:32:23,007 | INFO | celeba_ood |   attrs    : total=0.6739  aleatoric=0.5924  epistemic=0.7036
2026-07-19 16:32:23,007 | INFO | celeba_ood |   combined : total=0.5623  aleatoric=0.6435  epistemic=0.5383
2026-07-19 16:32:23,007 | INFO | celeba_ood |   -> OOD score = epistemic (combined predictive MI):  AUROC=0.5383
2026-07-19 16:32:23,306 | INFO | celeba_ood | Risk = Bias + Variance identity — max abs residual on 25 samples (10 ID + 15 OOD): 2.12e-07
2026-07-19 16:36:39,319 | INFO | celeba_ood | Wrote per-instance figures: 20 ID → instances_in/, 20 OOD → instances_ood/  (one folder per instance: 8 member figures + summary.png; block L4, sigma=1.5, overlay_power=0.8)
2026-07-19 16:37:12,593 | INFO | celeba_ood | Top 10 OOD eyeglasses faces (eye-region bias, block L4) → top_ood_glasses.png; ranking in top_ood_glasses.json
2026-07-19 16:37:13,584 | INFO | celeba_ood | Wrote ensemble plots: ensemble_decomposition.png, decomposition_auroc.png, ensemble_score_hists.png, mean_recon_breakdown.png, mean_recons_only.png, mean_abs_bias.png, variance_heatmaps_ood.png, variance_heatmaps_all.png, mean_error_maps.png, min_error_maps.png, score_comparison.png, bias_variance_vs_block.png, bias_variance_vs_percentile.png
2026-07-19 16:37:13,585 | INFO | celeba_ood | Ensemble summary written to outputs/celeba_ood/cp128_20260719_060210_6782570/ensemble/summary.json
2026-07-19 16:37:13,585 | INFO | celeba_ood | All done.
